2025-04-22 12:27:55,646 - __main__ - INFO - Generating base grid...
2025-04-22 12:27:55,646 - grid_generator - INFO - Creating case9 grid...
2025-04-22 12:27:55,672 - __main__ - INFO - Generating scenarios...
2025-04-22 12:27:55,673 - scenario_generator - INFO - Generating 100 scenarios...
2025-04-22 12:27:56,839 - scenario_generator - WARNING - Power flow did not converge: Power Flow nr did not converge after 10 iterations!
2025-04-22 12:27:56,853 - scenario_generator - WARNING - Power flow did not converge: Power Flow nr did not converge after 10 iterations!
2025-04-22 12:27:56,866 - scenario_generator - WARNING - Power flow did not converge: Power Flow nr did not converge after 10 iterations!
2025-04-22 12:27:56,879 - scenario_generator - WARNING - Power flow did not converge: Power Flow nr did not converge after 10 iterations!
2025-04-22 12:27:56,892 - scenario_generator - WARNING - Power flow did not converge: Power Flow nr did not converge after 10 iterations!
2025-04-22 12:27:56,905 - scenario_generator - WARNING - Power flow did not converge: Power Flow nr did not converge after 10 iterations!
2025-04-22 12:27:56,917 - scenario_generator - WARNING - Power flow did not converge: Power Flow nr did not converge after 10 iterations!
2025-04-22 12:27:56,931 - scenario_generator - WARNING - Power flow did not converge: Power Flow nr did not converge after 10 iterations!
2025-04-22 12:27:56,944 - scenario_generator - WARNING - Power flow did not converge: Power Flow nr did not converge after 10 iterations!
2025-04-22 12:27:56,957 - scenario_generator - WARNING - Power flow did not converge: Power Flow nr did not converge after 10 iterations!
2025-04-22 12:27:56,970 - scenario_generator - WARNING - Power flow did not converge: Power Flow nr did not converge after 10 iterations!
2025-04-22 12:27:56,982 - scenario_generator - WARNING - Power flow did not converge: Power Flow nr did not converge after 10 iterations!
2025-04-22 12:27:56,994 - scenario_generator - WARNING - Power flow did not converge: Power Flow nr did not converge after 10 iterations!
2025-04-22 12:27:57,007 - scenario_generator - WARNING - Power flow did not converge: Power Flow nr did not converge after 10 iterations!
2025-04-22 12:27:57,019 - scenario_generator - WARNING - Power flow did not converge: Power Flow nr did not converge after 10 iterations!
2025-04-22 12:27:57,033 - scenario_generator - WARNING - Power flow did not converge: Power Flow nr did not converge after 10 iterations!
2025-04-22 12:27:57,047 - scenario_generator - WARNING - Power flow did not converge: Power Flow nr did not converge after 10 iterations!
2025-04-22 12:27:57,058 - scenario_generator - WARNING - Power flow did not converge: Power Flow nr did not converge after 10 iterations!
2025-04-22 12:27:57,070 - scenario_generator - WARNING - Power flow did not converge: Power Flow nr did not converge after 10 iterations!
2025-04-22 12:27:57,082 - scenario_generator - WARNING - Power flow did not converge: Power Flow nr did not converge after 10 iterations!
2025-04-22 12:27:57,095 - scenario_generator - WARNING - Power flow did not converge: Power Flow nr did not converge after 10 iterations!
2025-04-22 12:27:57,107 - scenario_generator - WARNING - Power flow did not converge: Power Flow nr did not converge after 10 iterations!
2025-04-22 12:27:57,118 - scenario_generator - WARNING - Power flow did not converge: Power Flow nr did not converge after 10 iterations!
2025-04-22 12:27:57,131 - scenario_generator - WARNING - Power flow did not converge: Power Flow nr did not converge after 10 iterations!
2025-04-22 12:27:57,143 - scenario_generator - WARNING - Power flow did not converge: Power Flow nr did not converge after 10 iterations!
2025-04-22 12:27:57,156 - scenario_generator - WARNING - Power flow did not converge: Power Flow nr did not converge after 10 iterations!
2025-04-22 12:27:57,168 - scenario_generator - WARNING - Power flow did not converge: Power Flow nr did not converge after 10 iterations!
2025-04-22 12:27:57,180 - scenario_generator - WARNING - Power flow did not converge: Power Flow nr did not converge after 10 iterations!
2025-04-22 12:27:57,260 - scenario_generator - WARNING - Power flow did not converge: Power Flow nr did not converge after 10 iterations!
2025-04-22 12:27:57,272 - scenario_generator - WARNING - Power flow did not converge: Power Flow nr did not converge after 10 iterations!
2025-04-22 12:27:57,285 - scenario_generator - WARNING - Power flow did not converge: Power Flow nr did not converge after 10 iterations!
2025-04-22 12:27:57,297 - scenario_generator - WARNING - Power flow did not converge: Power Flow nr did not converge after 10 iterations!
2025-04-22 12:27:57,309 - scenario_generator - WARNING - Power flow did not converge: Power Flow nr did not converge after 10 iterations!
2025-04-22 12:27:57,323 - scenario_generator - WARNING - Power flow did not converge: Power Flow nr did not converge after 10 iterations!
2025-04-22 12:27:57,334 - scenario_generator - WARNING - Power flow did not converge: Power Flow nr did not converge after 10 iterations!
2025-04-22 12:27:57,347 - scenario_generator - WARNING - Power flow did not converge: Power Flow nr did not converge after 10 iterations!
2025-04-22 12:27:57,360 - scenario_generator - WARNING - Power flow did not converge: Power Flow nr did not converge after 10 iterations!
2025-04-22 12:27:57,372 - scenario_generator - WARNING - Power flow did not converge: Power Flow nr did not converge after 10 iterations!
2025-04-22 12:27:57,384 - scenario_generator - WARNING - Power flow did not converge: Power Flow nr did not converge after 10 iterations!
2025-04-22 12:27:57,397 - scenario_generator - WARNING - Power flow did not converge: Power Flow nr did not converge after 10 iterations!
2025-04-22 12:27:57,410 - scenario_generator - WARNING - Power flow did not converge: Power Flow nr did not converge after 10 iterations!
2025-04-22 12:27:57,422 - scenario_generator - WARNING - Power flow did not converge: Power Flow nr did not converge after 10 iterations!
2025-04-22 12:27:57,434 - scenario_generator - WARNING - Power flow did not converge: Power Flow nr did not converge after 10 iterations!
2025-04-22 12:27:57,447 - scenario_generator - WARNING - Power flow did not converge: Power Flow nr did not converge after 10 iterations!
2025-04-22 12:27:57,459 - scenario_generator - WARNING - Power flow did not converge: Power Flow nr did not converge after 10 iterations!
2025-04-22 12:27:57,472 - scenario_generator - WARNING - Power flow did not converge: Power Flow nr did not converge after 10 iterations!
2025-04-22 12:27:57,484 - scenario_generator - WARNING - Power flow did not converge: Power Flow nr did not converge after 10 iterations!
2025-04-22 12:27:57,496 - scenario_generator - WARNING - Power flow did not converge: Power Flow nr did not converge after 10 iterations!
2025-04-22 12:27:57,508 - scenario_generator - WARNING - Power flow did not converge: Power Flow nr did not converge after 10 iterations!
2025-04-22 12:27:57,520 - scenario_generator - WARNING - Power flow did not converge: Power Flow nr did not converge after 10 iterations!
2025-04-22 12:27:57,532 - scenario_generator - WARNING - Power flow did not converge: Power Flow nr did not converge after 10 iterations!
2025-04-22 12:27:57,545 - scenario_generator - WARNING - Power flow did not converge: Power Flow nr did not converge after 10 iterations!
2025-04-22 12:27:57,557 - scenario_generator - WARNING - Power flow did not converge: Power Flow nr did not converge after 10 iterations!
2025-04-22 12:27:57,570 - scenario_generator - WARNING - Power flow did not converge: Power Flow nr did not converge after 10 iterations!
2025-04-22 12:27:57,582 - scenario_generator - WARNING - Power flow did not converge: Power Flow nr did not converge after 10 iterations!
2025-04-22 12:27:57,594 - scenario_generator - WARNING - Power flow did not converge: Power Flow nr did not converge after 10 iterations!
2025-04-22 12:27:57,607 - scenario_generator - WARNING - Power flow did not converge: Power Flow nr did not converge after 10 iterations!
2025-04-22 12:27:57,619 - scenario_generator - WARNING - Power flow did not converge: Power Flow nr did not converge after 10 iterations!
2025-04-22 12:27:57,633 - scenario_generator - WARNING - Power flow did not converge: Power Flow nr did not converge after 10 iterations!
2025-04-22 12:27:57,646 - scenario_generator - WARNING - Power flow did not converge: Power Flow nr did not converge after 10 iterations!
2025-04-22 12:27:57,658 - scenario_generator - WARNING - Power flow did not converge: Power Flow nr did not converge after 10 iterations!
2025-04-22 12:27:57,752 - scenario_generator - WARNING - Power flow did not converge: Power Flow nr did not converge after 10 iterations!
2025-04-22 12:27:57,764 - scenario_generator - WARNING - Power flow did not converge: Power Flow nr did not converge after 10 iterations!
2025-04-22 12:27:57,776 - scenario_generator - WARNING - Power flow did not converge: Power Flow nr did not converge after 10 iterations!
2025-04-22 12:27:57,789 - scenario_generator - WARNING - Power flow did not converge: Power Flow nr did not converge after 10 iterations!
2025-04-22 12:27:57,800 - scenario_generator - WARNING - Power flow did not converge: Power Flow nr did not converge after 10 iterations!
2025-04-22 12:27:57,813 - scenario_generator - WARNING - Power flow did not converge: Power Flow nr did not converge after 10 iterations!
2025-04-22 12:27:57,825 - scenario_generator - WARNING - Power flow did not converge: Power Flow nr did not converge after 10 iterations!
2025-04-22 12:27:57,836 - scenario_generator - WARNING - Power flow did not converge: Power Flow nr did not converge after 10 iterations!
2025-04-22 12:27:57,848 - scenario_generator - WARNING - Power flow did not converge: Power Flow nr did not converge after 10 iterations!
2025-04-22 12:27:57,861 - scenario_generator - WARNING - Power flow did not converge: Power Flow nr did not converge after 10 iterations!
2025-04-22 12:27:57,874 - scenario_generator - WARNING - Power flow did not converge: Power Flow nr did not converge after 10 iterations!
2025-04-22 12:27:57,885 - scenario_generator - WARNING - Power flow did not converge: Power Flow nr did not converge after 10 iterations!
2025-04-22 12:27:57,898 - scenario_generator - WARNING - Power flow did not converge: Power Flow nr did not converge after 10 iterations!
2025-04-22 12:27:57,910 - scenario_generator - WARNING - Power flow did not converge: Power Flow nr did not converge after 10 iterations!
2025-04-22 12:27:57,921 - scenario_generator - WARNING - Power flow did not converge: Power Flow nr did not converge after 10 iterations!
2025-04-22 12:27:57,933 - scenario_generator - WARNING - Power flow did not converge: Power Flow nr did not converge after 10 iterations!
2025-04-22 12:27:57,946 - scenario_generator - WARNING - Power flow did not converge: Power Flow nr did not converge after 10 iterations!
2025-04-22 12:27:57,958 - scenario_generator - WARNING - Power flow did not converge: Power Flow nr did not converge after 10 iterations!
2025-04-22 12:27:57,971 - scenario_generator - WARNING - Power flow did not converge: Power Flow nr did not converge after 10 iterations!
2025-04-22 12:27:57,983 - scenario_generator - WARNING - Power flow did not converge: Power Flow nr did not converge after 10 iterations!
2025-04-22 12:27:57,995 - scenario_generator - WARNING - Power flow did not converge: Power Flow nr did not converge after 10 iterations!
2025-04-22 12:27:58,007 - scenario_generator - WARNING - Power flow did not converge: Power Flow nr did not converge after 10 iterations!
2025-04-22 12:27:58,020 - scenario_generator - WARNING - Power flow did not converge: Power Flow nr did not converge after 10 iterations!
2025-04-22 12:27:58,032 - scenario_generator - WARNING - Power flow did not converge: Power Flow nr did not converge after 10 iterations!
2025-04-22 12:27:58,044 - scenario_generator - WARNING - Power flow did not converge: Power Flow nr did not converge after 10 iterations!
2025-04-22 12:27:58,057 - scenario_generator - WARNING - Power flow did not converge: Power Flow nr did not converge after 10 iterations!
2025-04-22 12:27:58,069 - scenario_generator - WARNING - Power flow did not converge: Power Flow nr did not converge after 10 iterations!
2025-04-22 12:27:58,081 - scenario_generator - WARNING - Power flow did not converge: Power Flow nr did not converge after 10 iterations!
2025-04-22 12:27:58,093 - scenario_generator - WARNING - Power flow did not converge: Power Flow nr did not converge after 10 iterations!
2025-04-22 12:27:58,104 - scenario_generator - WARNING - Power flow did not converge: Power Flow nr did not converge after 10 iterations!
2025-04-22 12:27:58,116 - scenario_generator - WARNING - Power flow did not converge: Power Flow nr did not converge after 10 iterations!
2025-04-22 12:27:58,128 - scenario_generator - WARNING - Power flow did not converge: Power Flow nr did not converge after 10 iterations!
2025-04-22 12:27:58,139 - scenario_generator - WARNING - Power flow did not converge: Power Flow nr did not converge after 10 iterations!
2025-04-22 12:27:58,151 - scenario_generator - WARNING - Power flow did not converge: Power Flow nr did not converge after 10 iterations!
2025-04-22 12:27:58,164 - scenario_generator - WARNING - Power flow did not converge: Power Flow nr did not converge after 10 iterations!
2025-04-22 12:27:58,177 - scenario_generator - WARNING - Power flow did not converge: Power Flow nr did not converge after 10 iterations!
2025-04-22 12:27:58,190 - scenario_generator - WARNING - Power flow did not converge: Power Flow nr did not converge after 10 iterations!
2025-04-22 12:27:58,203 - scenario_generator - WARNING - Power flow did not converge: Power Flow nr did not converge after 10 iterations!
2025-04-22 12:27:58,215 - scenario_generator - WARNING - Power flow did not converge: Power Flow nr did not converge after 10 iterations!
2025-04-22 12:27:58,215 - __main__ - INFO - Formatting and saving data...
2025-04-22 12:27:58,217 - data_formatter - INFO - Saving scenario data...
2025-04-22 12:27:58,220 - data_formatter - INFO - Saving CSV files for inspection...
2025-04-22 12:27:58,225 - __main__ - INFO - Dataset generation completed successfully!
