2025-04-22 12:24:10,608 - __main__ - INFO - Generating base grid...
2025-04-22 12:24:10,608 - grid_generator - INFO - Creating case9 grid...
2025-04-22 12:24:10,639 - __main__ - INFO - Generating scenarios...
2025-04-22 12:24:10,639 - scenario_generator - INFO - Generating 100 scenarios...
2025-04-22 12:24:11,090 - scenario_generator - WARNING - Power flow did not converge: No reference bus is available. Either add an ext_grid or a gen with slack=True
2025-04-22 12:24:11,098 - scenario_generator - WARNING - Power flow did not converge: No reference bus is available. Either add an ext_grid or a gen with slack=True
2025-04-22 12:24:11,104 - scenario_generator - WARNING - Power flow did not converge: No reference bus is available. Either add an ext_grid or a gen with slack=True
2025-04-22 12:24:11,111 - scenario_generator - WARNING - Power flow did not converge: No reference bus is available. Either add an ext_grid or a gen with slack=True
2025-04-22 12:24:11,117 - scenario_generator - WARNING - Power flow did not converge: No reference bus is available. Either add an ext_grid or a gen with slack=True
2025-04-22 12:24:11,123 - scenario_generator - WARNING - Power flow did not converge: No reference bus is available. Either add an ext_grid or a gen with slack=True
2025-04-22 12:24:11,129 - scenario_generator - WARNING - Power flow did not converge: No reference bus is available. Either add an ext_grid or a gen with slack=True
2025-04-22 12:24:11,137 - scenario_generator - WARNING - Power flow did not converge: No reference bus is available. Either add an ext_grid or a gen with slack=True
2025-04-22 12:24:11,144 - scenario_generator - WARNING - Power flow did not converge: No reference bus is available. Either add an ext_grid or a gen with slack=True
2025-04-22 12:24:11,150 - scenario_generator - WARNING - Power flow did not converge: No reference bus is available. Either add an ext_grid or a gen with slack=True
2025-04-22 12:24:11,157 - scenario_generator - WARNING - Power flow did not converge: No reference bus is available. Either add an ext_grid or a gen with slack=True
2025-04-22 12:24:11,164 - scenario_generator - WARNING - Power flow did not converge: No reference bus is available. Either add an ext_grid or a gen with slack=True
2025-04-22 12:24:11,170 - scenario_generator - WARNING - Power flow did not converge: No reference bus is available. Either add an ext_grid or a gen with slack=True
2025-04-22 12:24:11,177 - scenario_generator - WARNING - Power flow did not converge: No reference bus is available. Either add an ext_grid or a gen with slack=True
2025-04-22 12:24:11,184 - scenario_generator - WARNING - Power flow did not converge: No reference bus is available. Either add an ext_grid or a gen with slack=True
2025-04-22 12:24:11,190 - scenario_generator - WARNING - Power flow did not converge: No reference bus is available. Either add an ext_grid or a gen with slack=True
2025-04-22 12:24:11,196 - scenario_generator - WARNING - Power flow did not converge: No reference bus is available. Either add an ext_grid or a gen with slack=True
2025-04-22 12:24:11,202 - scenario_generator - WARNING - Power flow did not converge: No reference bus is available. Either add an ext_grid or a gen with slack=True
2025-04-22 12:24:11,208 - scenario_generator - WARNING - Power flow did not converge: No reference bus is available. Either add an ext_grid or a gen with slack=True
2025-04-22 12:24:11,215 - scenario_generator - WARNING - Power flow did not converge: No reference bus is available. Either add an ext_grid or a gen with slack=True
2025-04-22 12:24:11,222 - scenario_generator - WARNING - Power flow did not converge: No reference bus is available. Either add an ext_grid or a gen with slack=True
2025-04-22 12:24:11,229 - scenario_generator - WARNING - Power flow did not converge: No reference bus is available. Either add an ext_grid or a gen with slack=True
2025-04-22 12:24:11,236 - scenario_generator - WARNING - Power flow did not converge: No reference bus is available. Either add an ext_grid or a gen with slack=True
2025-04-22 12:24:11,242 - scenario_generator - WARNING - Power flow did not converge: No reference bus is available. Either add an ext_grid or a gen with slack=True
2025-04-22 12:24:11,248 - scenario_generator - WARNING - Power flow did not converge: No reference bus is available. Either add an ext_grid or a gen with slack=True
2025-04-22 12:24:11,317 - scenario_generator - WARNING - Power flow did not converge: No reference bus is available. Either add an ext_grid or a gen with slack=True
2025-04-22 12:24:11,323 - scenario_generator - WARNING - Power flow did not converge: No reference bus is available. Either add an ext_grid or a gen with slack=True
2025-04-22 12:24:11,330 - scenario_generator - WARNING - Power flow did not converge: No reference bus is available. Either add an ext_grid or a gen with slack=True
2025-04-22 12:24:11,336 - scenario_generator - WARNING - Power flow did not converge: No reference bus is available. Either add an ext_grid or a gen with slack=True
2025-04-22 12:24:11,342 - scenario_generator - WARNING - Power flow did not converge: No reference bus is available. Either add an ext_grid or a gen with slack=True
2025-04-22 12:24:11,349 - scenario_generator - WARNING - Power flow did not converge: No reference bus is available. Either add an ext_grid or a gen with slack=True
2025-04-22 12:24:11,355 - scenario_generator - WARNING - Power flow did not converge: No reference bus is available. Either add an ext_grid or a gen with slack=True
2025-04-22 12:24:11,363 - scenario_generator - WARNING - Power flow did not converge: No reference bus is available. Either add an ext_grid or a gen with slack=True
2025-04-22 12:24:11,369 - scenario_generator - WARNING - Power flow did not converge: No reference bus is available. Either add an ext_grid or a gen with slack=True
2025-04-22 12:24:11,375 - scenario_generator - WARNING - Power flow did not converge: No reference bus is available. Either add an ext_grid or a gen with slack=True
2025-04-22 12:24:11,382 - scenario_generator - WARNING - Power flow did not converge: No reference bus is available. Either add an ext_grid or a gen with slack=True
2025-04-22 12:24:11,387 - scenario_generator - WARNING - Power flow did not converge: No reference bus is available. Either add an ext_grid or a gen with slack=True
2025-04-22 12:24:11,393 - scenario_generator - WARNING - Power flow did not converge: No reference bus is available. Either add an ext_grid or a gen with slack=True
2025-04-22 12:24:11,399 - scenario_generator - WARNING - Power flow did not converge: No reference bus is available. Either add an ext_grid or a gen with slack=True
2025-04-22 12:24:11,405 - scenario_generator - WARNING - Power flow did not converge: No reference bus is available. Either add an ext_grid or a gen with slack=True
2025-04-22 12:24:11,412 - scenario_generator - WARNING - Power flow did not converge: No reference bus is available. Either add an ext_grid or a gen with slack=True
2025-04-22 12:24:11,418 - scenario_generator - WARNING - Power flow did not converge: No reference bus is available. Either add an ext_grid or a gen with slack=True
2025-04-22 12:24:11,426 - scenario_generator - WARNING - Power flow did not converge: No reference bus is available. Either add an ext_grid or a gen with slack=True
2025-04-22 12:24:11,432 - scenario_generator - WARNING - Power flow did not converge: No reference bus is available. Either add an ext_grid or a gen with slack=True
2025-04-22 12:24:11,440 - scenario_generator - WARNING - Power flow did not converge: No reference bus is available. Either add an ext_grid or a gen with slack=True
2025-04-22 12:24:11,446 - scenario_generator - WARNING - Power flow did not converge: No reference bus is available. Either add an ext_grid or a gen with slack=True
2025-04-22 12:24:11,453 - scenario_generator - WARNING - Power flow did not converge: No reference bus is available. Either add an ext_grid or a gen with slack=True
2025-04-22 12:24:11,460 - scenario_generator - WARNING - Power flow did not converge: No reference bus is available. Either add an ext_grid or a gen with slack=True
2025-04-22 12:24:11,466 - scenario_generator - WARNING - Power flow did not converge: No reference bus is available. Either add an ext_grid or a gen with slack=True
2025-04-22 12:24:11,473 - scenario_generator - WARNING - Power flow did not converge: No reference bus is available. Either add an ext_grid or a gen with slack=True
2025-04-22 12:24:11,479 - scenario_generator - WARNING - Power flow did not converge: No reference bus is available. Either add an ext_grid or a gen with slack=True
2025-04-22 12:24:11,486 - scenario_generator - WARNING - Power flow did not converge: No reference bus is available. Either add an ext_grid or a gen with slack=True
2025-04-22 12:24:11,492 - scenario_generator - WARNING - Power flow did not converge: No reference bus is available. Either add an ext_grid or a gen with slack=True
2025-04-22 12:24:11,498 - scenario_generator - WARNING - Power flow did not converge: No reference bus is available. Either add an ext_grid or a gen with slack=True
2025-04-22 12:24:11,504 - scenario_generator - WARNING - Power flow did not converge: No reference bus is available. Either add an ext_grid or a gen with slack=True
2025-04-22 12:24:11,510 - scenario_generator - WARNING - Power flow did not converge: No reference bus is available. Either add an ext_grid or a gen with slack=True
2025-04-22 12:24:11,590 - scenario_generator - WARNING - Power flow did not converge: No reference bus is available. Either add an ext_grid or a gen with slack=True
2025-04-22 12:24:11,596 - scenario_generator - WARNING - Power flow did not converge: No reference bus is available. Either add an ext_grid or a gen with slack=True
2025-04-22 12:24:11,603 - scenario_generator - WARNING - Power flow did not converge: No reference bus is available. Either add an ext_grid or a gen with slack=True
2025-04-22 12:24:11,610 - scenario_generator - WARNING - Power flow did not converge: No reference bus is available. Either add an ext_grid or a gen with slack=True
2025-04-22 12:24:11,616 - scenario_generator - WARNING - Power flow did not converge: No reference bus is available. Either add an ext_grid or a gen with slack=True
2025-04-22 12:24:11,622 - scenario_generator - WARNING - Power flow did not converge: No reference bus is available. Either add an ext_grid or a gen with slack=True
2025-04-22 12:24:11,632 - scenario_generator - WARNING - Power flow did not converge: No reference bus is available. Either add an ext_grid or a gen with slack=True
2025-04-22 12:24:11,639 - scenario_generator - WARNING - Power flow did not converge: No reference bus is available. Either add an ext_grid or a gen with slack=True
2025-04-22 12:24:11,645 - scenario_generator - WARNING - Power flow did not converge: No reference bus is available. Either add an ext_grid or a gen with slack=True
2025-04-22 12:24:11,652 - scenario_generator - WARNING - Power flow did not converge: No reference bus is available. Either add an ext_grid or a gen with slack=True
2025-04-22 12:24:11,659 - scenario_generator - WARNING - Power flow did not converge: No reference bus is available. Either add an ext_grid or a gen with slack=True
2025-04-22 12:24:11,664 - scenario_generator - WARNING - Power flow did not converge: No reference bus is available. Either add an ext_grid or a gen with slack=True
2025-04-22 12:24:11,671 - scenario_generator - WARNING - Power flow did not converge: No reference bus is available. Either add an ext_grid or a gen with slack=True
2025-04-22 12:24:11,678 - scenario_generator - WARNING - Power flow did not converge: No reference bus is available. Either add an ext_grid or a gen with slack=True
2025-04-22 12:24:11,684 - scenario_generator - WARNING - Power flow did not converge: No reference bus is available. Either add an ext_grid or a gen with slack=True
2025-04-22 12:24:11,692 - scenario_generator - WARNING - Power flow did not converge: No reference bus is available. Either add an ext_grid or a gen with slack=True
2025-04-22 12:24:11,701 - scenario_generator - WARNING - Power flow did not converge: No reference bus is available. Either add an ext_grid or a gen with slack=True
2025-04-22 12:24:11,709 - scenario_generator - WARNING - Power flow did not converge: No reference bus is available. Either add an ext_grid or a gen with slack=True
2025-04-22 12:24:11,715 - scenario_generator - WARNING - Power flow did not converge: No reference bus is available. Either add an ext_grid or a gen with slack=True
2025-04-22 12:24:11,722 - scenario_generator - WARNING - Power flow did not converge: No reference bus is available. Either add an ext_grid or a gen with slack=True
2025-04-22 12:24:11,730 - scenario_generator - WARNING - Power flow did not converge: No reference bus is available. Either add an ext_grid or a gen with slack=True
2025-04-22 12:24:11,735 - scenario_generator - WARNING - Power flow did not converge: No reference bus is available. Either add an ext_grid or a gen with slack=True
2025-04-22 12:24:11,741 - scenario_generator - WARNING - Power flow did not converge: No reference bus is available. Either add an ext_grid or a gen with slack=True
2025-04-22 12:24:11,748 - scenario_generator - WARNING - Power flow did not converge: No reference bus is available. Either add an ext_grid or a gen with slack=True
2025-04-22 12:24:11,754 - scenario_generator - WARNING - Power flow did not converge: No reference bus is available. Either add an ext_grid or a gen with slack=True
2025-04-22 12:24:11,761 - scenario_generator - WARNING - Power flow did not converge: No reference bus is available. Either add an ext_grid or a gen with slack=True
2025-04-22 12:24:11,767 - scenario_generator - WARNING - Power flow did not converge: No reference bus is available. Either add an ext_grid or a gen with slack=True
2025-04-22 12:24:11,773 - scenario_generator - WARNING - Power flow did not converge: No reference bus is available. Either add an ext_grid or a gen with slack=True
2025-04-22 12:24:11,780 - scenario_generator - WARNING - Power flow did not converge: No reference bus is available. Either add an ext_grid or a gen with slack=True
2025-04-22 12:24:11,787 - scenario_generator - WARNING - Power flow did not converge: No reference bus is available. Either add an ext_grid or a gen with slack=True
2025-04-22 12:24:11,794 - scenario_generator - WARNING - Power flow did not converge: No reference bus is available. Either add an ext_grid or a gen with slack=True
2025-04-22 12:24:11,800 - scenario_generator - WARNING - Power flow did not converge: No reference bus is available. Either add an ext_grid or a gen with slack=True
2025-04-22 12:24:11,807 - scenario_generator - WARNING - Power flow did not converge: No reference bus is available. Either add an ext_grid or a gen with slack=True
2025-04-22 12:24:11,813 - scenario_generator - WARNING - Power flow did not converge: No reference bus is available. Either add an ext_grid or a gen with slack=True
2025-04-22 12:24:11,820 - scenario_generator - WARNING - Power flow did not converge: No reference bus is available. Either add an ext_grid or a gen with slack=True
2025-04-22 12:24:11,826 - scenario_generator - WARNING - Power flow did not converge: No reference bus is available. Either add an ext_grid or a gen with slack=True
2025-04-22 12:24:11,832 - scenario_generator - WARNING - Power flow did not converge: No reference bus is available. Either add an ext_grid or a gen with slack=True
2025-04-22 12:24:11,838 - scenario_generator - WARNING - Power flow did not converge: No reference bus is available. Either add an ext_grid or a gen with slack=True
2025-04-22 12:24:11,844 - scenario_generator - WARNING - Power flow did not converge: No reference bus is available. Either add an ext_grid or a gen with slack=True
2025-04-22 12:24:11,939 - scenario_generator - WARNING - Power flow did not converge: No reference bus is available. Either add an ext_grid or a gen with slack=True
2025-04-22 12:24:11,945 - scenario_generator - WARNING - Power flow did not converge: No reference bus is available. Either add an ext_grid or a gen with slack=True
2025-04-22 12:24:11,952 - scenario_generator - WARNING - Power flow did not converge: No reference bus is available. Either add an ext_grid or a gen with slack=True
2025-04-22 12:24:11,958 - scenario_generator - WARNING - Power flow did not converge: No reference bus is available. Either add an ext_grid or a gen with slack=True
2025-04-22 12:24:11,965 - scenario_generator - WARNING - Power flow did not converge: No reference bus is available. Either add an ext_grid or a gen with slack=True
2025-04-22 12:24:11,965 - __main__ - INFO - Formatting and saving data...
2025-04-22 12:24:11,965 - __main__ - ERROR - Error in dataset generation: 'grid_type'
