2025-04-22 12:27:00,324 - __main__ - INFO - Generating base grid...
2025-04-22 12:27:00,324 - grid_generator - INFO - Creating case9 grid...
2025-04-22 12:27:00,350 - __main__ - INFO - Generating scenarios...
2025-04-22 12:27:00,351 - scenario_generator - INFO - Generating 100 scenarios...
2025-04-22 12:27:01,476 - scenario_generator - WARNING - Power flow did not converge: Power Flow nr did not converge after 10 iterations!
2025-04-22 12:27:01,489 - scenario_generator - WARNING - Power flow did not converge: Power Flow nr did not converge after 10 iterations!
2025-04-22 12:27:01,502 - scenario_generator - WARNING - Power flow did not converge: Power Flow nr did not converge after 10 iterations!
2025-04-22 12:27:01,514 - scenario_generator - WARNING - Power flow did not converge: Power Flow nr did not converge after 10 iterations!
2025-04-22 12:27:01,528 - scenario_generator - WARNING - Power flow did not converge: Power Flow nr did not converge after 10 iterations!
2025-04-22 12:27:01,540 - scenario_generator - WARNING - Power flow did not converge: Power Flow nr did not converge after 10 iterations!
2025-04-22 12:27:01,552 - scenario_generator - WARNING - Power flow did not converge: Power Flow nr did not converge after 10 iterations!
2025-04-22 12:27:01,565 - scenario_generator - WARNING - Power flow did not converge: Power Flow nr did not converge after 10 iterations!
2025-04-22 12:27:01,577 - scenario_generator - WARNING - Power flow did not converge: Power Flow nr did not converge after 10 iterations!
2025-04-22 12:27:01,590 - scenario_generator - WARNING - Power flow did not converge: Power Flow nr did not converge after 10 iterations!
2025-04-22 12:27:01,602 - scenario_generator - WARNING - Power flow did not converge: Power Flow nr did not converge after 10 iterations!
2025-04-22 12:27:01,616 - scenario_generator - WARNING - Power flow did not converge: Power Flow nr did not converge after 10 iterations!
2025-04-22 12:27:01,628 - scenario_generator - WARNING - Power flow did not converge: Power Flow nr did not converge after 10 iterations!
2025-04-22 12:27:01,641 - scenario_generator - WARNING - Power flow did not converge: Power Flow nr did not converge after 10 iterations!
2025-04-22 12:27:01,653 - scenario_generator - WARNING - Power flow did not converge: Power Flow nr did not converge after 10 iterations!
2025-04-22 12:27:01,666 - scenario_generator - WARNING - Power flow did not converge: Power Flow nr did not converge after 10 iterations!
2025-04-22 12:27:01,679 - scenario_generator - WARNING - Power flow did not converge: Power Flow nr did not converge after 10 iterations!
2025-04-22 12:27:01,691 - scenario_generator - WARNING - Power flow did not converge: Power Flow nr did not converge after 10 iterations!
2025-04-22 12:27:01,703 - scenario_generator - WARNING - Power flow did not converge: Power Flow nr did not converge after 10 iterations!
2025-04-22 12:27:01,716 - scenario_generator - WARNING - Power flow did not converge: Power Flow nr did not converge after 10 iterations!
2025-04-22 12:27:01,729 - scenario_generator - WARNING - Power flow did not converge: Power Flow nr did not converge after 10 iterations!
2025-04-22 12:27:01,742 - scenario_generator - WARNING - Power flow did not converge: Power Flow nr did not converge after 10 iterations!
2025-04-22 12:27:01,753 - scenario_generator - WARNING - Power flow did not converge: Power Flow nr did not converge after 10 iterations!
2025-04-22 12:27:01,765 - scenario_generator - WARNING - Power flow did not converge: Power Flow nr did not converge after 10 iterations!
2025-04-22 12:27:01,777 - scenario_generator - WARNING - Power flow did not converge: Power Flow nr did not converge after 10 iterations!
2025-04-22 12:27:01,790 - scenario_generator - WARNING - Power flow did not converge: Power Flow nr did not converge after 10 iterations!
2025-04-22 12:27:01,801 - scenario_generator - WARNING - Power flow did not converge: Power Flow nr did not converge after 10 iterations!
2025-04-22 12:27:01,814 - scenario_generator - WARNING - Power flow did not converge: Power Flow nr did not converge after 10 iterations!
2025-04-22 12:27:01,892 - scenario_generator - WARNING - Power flow did not converge: Power Flow nr did not converge after 10 iterations!
2025-04-22 12:27:01,904 - scenario_generator - WARNING - Power flow did not converge: Power Flow nr did not converge after 10 iterations!
2025-04-22 12:27:01,917 - scenario_generator - WARNING - Power flow did not converge: Power Flow nr did not converge after 10 iterations!
2025-04-22 12:27:01,929 - scenario_generator - WARNING - Power flow did not converge: Power Flow nr did not converge after 10 iterations!
2025-04-22 12:27:01,941 - scenario_generator - WARNING - Power flow did not converge: Power Flow nr did not converge after 10 iterations!
2025-04-22 12:27:01,954 - scenario_generator - WARNING - Power flow did not converge: Power Flow nr did not converge after 10 iterations!
2025-04-22 12:27:01,966 - scenario_generator - WARNING - Power flow did not converge: Power Flow nr did not converge after 10 iterations!
2025-04-22 12:27:01,979 - scenario_generator - WARNING - Power flow did not converge: Power Flow nr did not converge after 10 iterations!
2025-04-22 12:27:01,991 - scenario_generator - WARNING - Power flow did not converge: Power Flow nr did not converge after 10 iterations!
2025-04-22 12:27:02,003 - scenario_generator - WARNING - Power flow did not converge: Power Flow nr did not converge after 10 iterations!
2025-04-22 12:27:02,014 - scenario_generator - WARNING - Power flow did not converge: Power Flow nr did not converge after 10 iterations!
2025-04-22 12:27:02,027 - scenario_generator - WARNING - Power flow did not converge: Power Flow nr did not converge after 10 iterations!
2025-04-22 12:27:02,039 - scenario_generator - WARNING - Power flow did not converge: Power Flow nr did not converge after 10 iterations!
2025-04-22 12:27:02,051 - scenario_generator - WARNING - Power flow did not converge: Power Flow nr did not converge after 10 iterations!
2025-04-22 12:27:02,064 - scenario_generator - WARNING - Power flow did not converge: Power Flow nr did not converge after 10 iterations!
2025-04-22 12:27:02,076 - scenario_generator - WARNING - Power flow did not converge: Power Flow nr did not converge after 10 iterations!
2025-04-22 12:27:02,089 - scenario_generator - WARNING - Power flow did not converge: Power Flow nr did not converge after 10 iterations!
2025-04-22 12:27:02,100 - scenario_generator - WARNING - Power flow did not converge: Power Flow nr did not converge after 10 iterations!
2025-04-22 12:27:02,113 - scenario_generator - WARNING - Power flow did not converge: Power Flow nr did not converge after 10 iterations!
2025-04-22 12:27:02,124 - scenario_generator - WARNING - Power flow did not converge: Power Flow nr did not converge after 10 iterations!
2025-04-22 12:27:02,136 - scenario_generator - WARNING - Power flow did not converge: Power Flow nr did not converge after 10 iterations!
2025-04-22 12:27:02,149 - scenario_generator - WARNING - Power flow did not converge: Power Flow nr did not converge after 10 iterations!
2025-04-22 12:27:02,160 - scenario_generator - WARNING - Power flow did not converge: Power Flow nr did not converge after 10 iterations!
2025-04-22 12:27:02,172 - scenario_generator - WARNING - Power flow did not converge: Power Flow nr did not converge after 10 iterations!
2025-04-22 12:27:02,185 - scenario_generator - WARNING - Power flow did not converge: Power Flow nr did not converge after 10 iterations!
2025-04-22 12:27:02,198 - scenario_generator - WARNING - Power flow did not converge: Power Flow nr did not converge after 10 iterations!
2025-04-22 12:27:02,210 - scenario_generator - WARNING - Power flow did not converge: Power Flow nr did not converge after 10 iterations!
2025-04-22 12:27:02,222 - scenario_generator - WARNING - Power flow did not converge: Power Flow nr did not converge after 10 iterations!
2025-04-22 12:27:02,235 - scenario_generator - WARNING - Power flow did not converge: Power Flow nr did not converge after 10 iterations!
2025-04-22 12:27:02,247 - scenario_generator - WARNING - Power flow did not converge: Power Flow nr did not converge after 10 iterations!
2025-04-22 12:27:02,259 - scenario_generator - WARNING - Power flow did not converge: Power Flow nr did not converge after 10 iterations!
2025-04-22 12:27:02,271 - scenario_generator - WARNING - Power flow did not converge: Power Flow nr did not converge after 10 iterations!
2025-04-22 12:27:02,284 - scenario_generator - WARNING - Power flow did not converge: Power Flow nr did not converge after 10 iterations!
2025-04-22 12:27:02,375 - scenario_generator - WARNING - Power flow did not converge: Power Flow nr did not converge after 10 iterations!
2025-04-22 12:27:02,386 - scenario_generator - WARNING - Power flow did not converge: Power Flow nr did not converge after 10 iterations!
2025-04-22 12:27:02,398 - scenario_generator - WARNING - Power flow did not converge: Power Flow nr did not converge after 10 iterations!
2025-04-22 12:27:02,411 - scenario_generator - WARNING - Power flow did not converge: Power Flow nr did not converge after 10 iterations!
2025-04-22 12:27:02,423 - scenario_generator - WARNING - Power flow did not converge: Power Flow nr did not converge after 10 iterations!
2025-04-22 12:27:02,435 - scenario_generator - WARNING - Power flow did not converge: Power Flow nr did not converge after 10 iterations!
2025-04-22 12:27:02,447 - scenario_generator - WARNING - Power flow did not converge: Power Flow nr did not converge after 10 iterations!
2025-04-22 12:27:02,459 - scenario_generator - WARNING - Power flow did not converge: Power Flow nr did not converge after 10 iterations!
2025-04-22 12:27:02,471 - scenario_generator - WARNING - Power flow did not converge: Power Flow nr did not converge after 10 iterations!
2025-04-22 12:27:02,484 - scenario_generator - WARNING - Power flow did not converge: Power Flow nr did not converge after 10 iterations!
2025-04-22 12:27:02,495 - scenario_generator - WARNING - Power flow did not converge: Power Flow nr did not converge after 10 iterations!
2025-04-22 12:27:02,508 - scenario_generator - WARNING - Power flow did not converge: Power Flow nr did not converge after 10 iterations!
2025-04-22 12:27:02,519 - scenario_generator - WARNING - Power flow did not converge: Power Flow nr did not converge after 10 iterations!
2025-04-22 12:27:02,532 - scenario_generator - WARNING - Power flow did not converge: Power Flow nr did not converge after 10 iterations!
2025-04-22 12:27:02,544 - scenario_generator - WARNING - Power flow did not converge: Power Flow nr did not converge after 10 iterations!
2025-04-22 12:27:02,556 - scenario_generator - WARNING - Power flow did not converge: Power Flow nr did not converge after 10 iterations!
2025-04-22 12:27:02,568 - scenario_generator - WARNING - Power flow did not converge: Power Flow nr did not converge after 10 iterations!
2025-04-22 12:27:02,580 - scenario_generator - WARNING - Power flow did not converge: Power Flow nr did not converge after 10 iterations!
2025-04-22 12:27:02,592 - scenario_generator - WARNING - Power flow did not converge: Power Flow nr did not converge after 10 iterations!
2025-04-22 12:27:02,604 - scenario_generator - WARNING - Power flow did not converge: Power Flow nr did not converge after 10 iterations!
2025-04-22 12:27:02,616 - scenario_generator - WARNING - Power flow did not converge: Power Flow nr did not converge after 10 iterations!
2025-04-22 12:27:02,629 - scenario_generator - WARNING - Power flow did not converge: Power Flow nr did not converge after 10 iterations!
2025-04-22 12:27:02,641 - scenario_generator - WARNING - Power flow did not converge: Power Flow nr did not converge after 10 iterations!
2025-04-22 12:27:02,652 - scenario_generator - WARNING - Power flow did not converge: Power Flow nr did not converge after 10 iterations!
2025-04-22 12:27:02,663 - scenario_generator - WARNING - Power flow did not converge: Power Flow nr did not converge after 10 iterations!
2025-04-22 12:27:02,676 - scenario_generator - WARNING - Power flow did not converge: Power Flow nr did not converge after 10 iterations!
2025-04-22 12:27:02,692 - scenario_generator - WARNING - Power flow did not converge: Power Flow nr did not converge after 10 iterations!
2025-04-22 12:27:02,704 - scenario_generator - WARNING - Power flow did not converge: Power Flow nr did not converge after 10 iterations!
2025-04-22 12:27:02,716 - scenario_generator - WARNING - Power flow did not converge: Power Flow nr did not converge after 10 iterations!
2025-04-22 12:27:02,729 - scenario_generator - WARNING - Power flow did not converge: Power Flow nr did not converge after 10 iterations!
2025-04-22 12:27:02,741 - scenario_generator - WARNING - Power flow did not converge: Power Flow nr did not converge after 10 iterations!
2025-04-22 12:27:02,753 - scenario_generator - WARNING - Power flow did not converge: Power Flow nr did not converge after 10 iterations!
2025-04-22 12:27:02,765 - scenario_generator - WARNING - Power flow did not converge: Power Flow nr did not converge after 10 iterations!
2025-04-22 12:27:02,777 - scenario_generator - WARNING - Power flow did not converge: Power Flow nr did not converge after 10 iterations!
2025-04-22 12:27:02,789 - scenario_generator - WARNING - Power flow did not converge: Power Flow nr did not converge after 10 iterations!
2025-04-22 12:27:02,802 - scenario_generator - WARNING - Power flow did not converge: Power Flow nr did not converge after 10 iterations!
2025-04-22 12:27:02,814 - scenario_generator - WARNING - Power flow did not converge: Power Flow nr did not converge after 10 iterations!
2025-04-22 12:27:02,827 - scenario_generator - WARNING - Power flow did not converge: Power Flow nr did not converge after 10 iterations!
2025-04-22 12:27:02,839 - scenario_generator - WARNING - Power flow did not converge: Power Flow nr did not converge after 10 iterations!
2025-04-22 12:27:02,839 - __main__ - INFO - Formatting and saving data...
2025-04-22 12:27:02,840 - data_formatter - INFO - Saving scenario data...
2025-04-22 12:27:02,844 - data_formatter - INFO - Saving CSV files for inspection...
2025-04-22 12:27:02,849 - __main__ - INFO - Dataset generation completed successfully!
