2025-04-22 12:30:45,510 - __main__ - INFO - Generating base grid...
2025-04-22 12:30:45,510 - grid_generator - INFO - Creating case9 grid...
2025-04-22 12:30:45,537 - __main__ - INFO - Generating scenarios...
2025-04-22 12:30:45,537 - scenario_generator - INFO - Generating 100 scenarios...
2025-04-22 12:30:46,713 - scenario_generator - WARNING - Power flow did not converge: Power Flow nr did not converge after 10 iterations!
2025-04-22 12:30:46,727 - scenario_generator - WARNING - Power flow did not converge: Power Flow nr did not converge after 10 iterations!
2025-04-22 12:30:46,740 - scenario_generator - WARNING - Power flow did not converge: Power Flow nr did not converge after 10 iterations!
2025-04-22 12:30:46,752 - scenario_generator - WARNING - Power flow did not converge: Power Flow nr did not converge after 10 iterations!
2025-04-22 12:30:46,765 - scenario_generator - WARNING - Power flow did not converge: Power Flow nr did not converge after 10 iterations!
2025-04-22 12:30:46,778 - scenario_generator - WARNING - Power flow did not converge: Power Flow nr did not converge after 10 iterations!
2025-04-22 12:30:46,791 - scenario_generator - WARNING - Power flow did not converge: Power Flow nr did not converge after 10 iterations!
2025-04-22 12:30:46,805 - scenario_generator - WARNING - Power flow did not converge: Power Flow nr did not converge after 10 iterations!
2025-04-22 12:30:46,817 - scenario_generator - WARNING - Power flow did not converge: Power Flow nr did not converge after 10 iterations!
2025-04-22 12:30:46,829 - scenario_generator - WARNING - Power flow did not converge: Power Flow nr did not converge after 10 iterations!
2025-04-22 12:30:46,841 - scenario_generator - WARNING - Power flow did not converge: Power Flow nr did not converge after 10 iterations!
2025-04-22 12:30:46,854 - scenario_generator - WARNING - Power flow did not converge: Power Flow nr did not converge after 10 iterations!
2025-04-22 12:30:46,867 - scenario_generator - WARNING - Power flow did not converge: Power Flow nr did not converge after 10 iterations!
2025-04-22 12:30:46,879 - scenario_generator - WARNING - Power flow did not converge: Power Flow nr did not converge after 10 iterations!
2025-04-22 12:30:46,891 - scenario_generator - WARNING - Power flow did not converge: Power Flow nr did not converge after 10 iterations!
2025-04-22 12:30:46,904 - scenario_generator - WARNING - Power flow did not converge: Power Flow nr did not converge after 10 iterations!
2025-04-22 12:30:46,916 - scenario_generator - WARNING - Power flow did not converge: Power Flow nr did not converge after 10 iterations!
2025-04-22 12:30:46,927 - scenario_generator - WARNING - Power flow did not converge: Power Flow nr did not converge after 10 iterations!
2025-04-22 12:30:46,940 - scenario_generator - WARNING - Power flow did not converge: Power Flow nr did not converge after 10 iterations!
2025-04-22 12:30:46,952 - scenario_generator - WARNING - Power flow did not converge: Power Flow nr did not converge after 10 iterations!
2025-04-22 12:30:46,965 - scenario_generator - WARNING - Power flow did not converge: Power Flow nr did not converge after 10 iterations!
2025-04-22 12:30:46,978 - scenario_generator - WARNING - Power flow did not converge: Power Flow nr did not converge after 10 iterations!
2025-04-22 12:30:46,989 - scenario_generator - WARNING - Power flow did not converge: Power Flow nr did not converge after 10 iterations!
2025-04-22 12:30:47,002 - scenario_generator - WARNING - Power flow did not converge: Power Flow nr did not converge after 10 iterations!
2025-04-22 12:30:47,013 - scenario_generator - WARNING - Power flow did not converge: Power Flow nr did not converge after 10 iterations!
2025-04-22 12:30:47,026 - scenario_generator - WARNING - Power flow did not converge: Power Flow nr did not converge after 10 iterations!
2025-04-22 12:30:47,039 - scenario_generator - WARNING - Power flow did not converge: Power Flow nr did not converge after 10 iterations!
2025-04-22 12:30:47,050 - scenario_generator - WARNING - Power flow did not converge: Power Flow nr did not converge after 10 iterations!
2025-04-22 12:30:47,129 - scenario_generator - WARNING - Power flow did not converge: Power Flow nr did not converge after 10 iterations!
2025-04-22 12:30:47,141 - scenario_generator - WARNING - Power flow did not converge: Power Flow nr did not converge after 10 iterations!
2025-04-22 12:30:47,155 - scenario_generator - WARNING - Power flow did not converge: Power Flow nr did not converge after 10 iterations!
2025-04-22 12:30:47,167 - scenario_generator - WARNING - Power flow did not converge: Power Flow nr did not converge after 10 iterations!
2025-04-22 12:30:47,179 - scenario_generator - WARNING - Power flow did not converge: Power Flow nr did not converge after 10 iterations!
2025-04-22 12:30:47,191 - scenario_generator - WARNING - Power flow did not converge: Power Flow nr did not converge after 10 iterations!
2025-04-22 12:30:47,205 - scenario_generator - WARNING - Power flow did not converge: Power Flow nr did not converge after 10 iterations!
2025-04-22 12:30:47,217 - scenario_generator - WARNING - Power flow did not converge: Power Flow nr did not converge after 10 iterations!
2025-04-22 12:30:47,229 - scenario_generator - WARNING - Power flow did not converge: Power Flow nr did not converge after 10 iterations!
2025-04-22 12:30:47,243 - scenario_generator - WARNING - Power flow did not converge: Power Flow nr did not converge after 10 iterations!
2025-04-22 12:30:47,255 - scenario_generator - WARNING - Power flow did not converge: Power Flow nr did not converge after 10 iterations!
2025-04-22 12:30:47,267 - scenario_generator - WARNING - Power flow did not converge: Power Flow nr did not converge after 10 iterations!
2025-04-22 12:30:47,280 - scenario_generator - WARNING - Power flow did not converge: Power Flow nr did not converge after 10 iterations!
2025-04-22 12:30:47,292 - scenario_generator - WARNING - Power flow did not converge: Power Flow nr did not converge after 10 iterations!
2025-04-22 12:30:47,305 - scenario_generator - WARNING - Power flow did not converge: Power Flow nr did not converge after 10 iterations!
2025-04-22 12:30:47,317 - scenario_generator - WARNING - Power flow did not converge: Power Flow nr did not converge after 10 iterations!
2025-04-22 12:30:47,328 - scenario_generator - WARNING - Power flow did not converge: Power Flow nr did not converge after 10 iterations!
2025-04-22 12:30:47,341 - scenario_generator - WARNING - Power flow did not converge: Power Flow nr did not converge after 10 iterations!
2025-04-22 12:30:47,352 - scenario_generator - WARNING - Power flow did not converge: Power Flow nr did not converge after 10 iterations!
2025-04-22 12:30:47,365 - scenario_generator - WARNING - Power flow did not converge: Power Flow nr did not converge after 10 iterations!
2025-04-22 12:30:47,377 - scenario_generator - WARNING - Power flow did not converge: Power Flow nr did not converge after 10 iterations!
2025-04-22 12:30:47,390 - scenario_generator - WARNING - Power flow did not converge: Power Flow nr did not converge after 10 iterations!
2025-04-22 12:30:47,402 - scenario_generator - WARNING - Power flow did not converge: Power Flow nr did not converge after 10 iterations!
2025-04-22 12:30:47,415 - scenario_generator - WARNING - Power flow did not converge: Power Flow nr did not converge after 10 iterations!
2025-04-22 12:30:47,427 - scenario_generator - WARNING - Power flow did not converge: Power Flow nr did not converge after 10 iterations!
2025-04-22 12:30:47,440 - scenario_generator - WARNING - Power flow did not converge: Power Flow nr did not converge after 10 iterations!
2025-04-22 12:30:47,452 - scenario_generator - WARNING - Power flow did not converge: Power Flow nr did not converge after 10 iterations!
2025-04-22 12:30:47,465 - scenario_generator - WARNING - Power flow did not converge: Power Flow nr did not converge after 10 iterations!
2025-04-22 12:30:47,477 - scenario_generator - WARNING - Power flow did not converge: Power Flow nr did not converge after 10 iterations!
2025-04-22 12:30:47,490 - scenario_generator - WARNING - Power flow did not converge: Power Flow nr did not converge after 10 iterations!
2025-04-22 12:30:47,503 - scenario_generator - WARNING - Power flow did not converge: Power Flow nr did not converge after 10 iterations!
2025-04-22 12:30:47,515 - scenario_generator - WARNING - Power flow did not converge: Power Flow nr did not converge after 10 iterations!
2025-04-22 12:30:47,608 - scenario_generator - WARNING - Power flow did not converge: Power Flow nr did not converge after 10 iterations!
2025-04-22 12:30:47,620 - scenario_generator - WARNING - Power flow did not converge: Power Flow nr did not converge after 10 iterations!
2025-04-22 12:30:47,633 - scenario_generator - WARNING - Power flow did not converge: Power Flow nr did not converge after 10 iterations!
2025-04-22 12:30:47,646 - scenario_generator - WARNING - Power flow did not converge: Power Flow nr did not converge after 10 iterations!
2025-04-22 12:30:47,658 - scenario_generator - WARNING - Power flow did not converge: Power Flow nr did not converge after 10 iterations!
2025-04-22 12:30:47,671 - scenario_generator - WARNING - Power flow did not converge: Power Flow nr did not converge after 10 iterations!
2025-04-22 12:30:47,683 - scenario_generator - WARNING - Power flow did not converge: Power Flow nr did not converge after 10 iterations!
2025-04-22 12:30:47,696 - scenario_generator - WARNING - Power flow did not converge: Power Flow nr did not converge after 10 iterations!
2025-04-22 12:30:47,708 - scenario_generator - WARNING - Power flow did not converge: Power Flow nr did not converge after 10 iterations!
2025-04-22 12:30:47,720 - scenario_generator - WARNING - Power flow did not converge: Power Flow nr did not converge after 10 iterations!
2025-04-22 12:30:47,733 - scenario_generator - WARNING - Power flow did not converge: Power Flow nr did not converge after 10 iterations!
2025-04-22 12:30:47,745 - scenario_generator - WARNING - Power flow did not converge: Power Flow nr did not converge after 10 iterations!
2025-04-22 12:30:47,758 - scenario_generator - WARNING - Power flow did not converge: Power Flow nr did not converge after 10 iterations!
2025-04-22 12:30:47,770 - scenario_generator - WARNING - Power flow did not converge: Power Flow nr did not converge after 10 iterations!
2025-04-22 12:30:47,782 - scenario_generator - WARNING - Power flow did not converge: Power Flow nr did not converge after 10 iterations!
2025-04-22 12:30:47,794 - scenario_generator - WARNING - Power flow did not converge: Power Flow nr did not converge after 10 iterations!
2025-04-22 12:30:47,806 - scenario_generator - WARNING - Power flow did not converge: Power Flow nr did not converge after 10 iterations!
2025-04-22 12:30:47,819 - scenario_generator - WARNING - Power flow did not converge: Power Flow nr did not converge after 10 iterations!
2025-04-22 12:30:47,832 - scenario_generator - WARNING - Power flow did not converge: Power Flow nr did not converge after 10 iterations!
2025-04-22 12:30:47,845 - scenario_generator - WARNING - Power flow did not converge: Power Flow nr did not converge after 10 iterations!
2025-04-22 12:30:47,857 - scenario_generator - WARNING - Power flow did not converge: Power Flow nr did not converge after 10 iterations!
2025-04-22 12:30:47,870 - scenario_generator - WARNING - Power flow did not converge: Power Flow nr did not converge after 10 iterations!
2025-04-22 12:30:47,881 - scenario_generator - WARNING - Power flow did not converge: Power Flow nr did not converge after 10 iterations!
2025-04-22 12:30:47,894 - scenario_generator - WARNING - Power flow did not converge: Power Flow nr did not converge after 10 iterations!
2025-04-22 12:30:47,906 - scenario_generator - WARNING - Power flow did not converge: Power Flow nr did not converge after 10 iterations!
2025-04-22 12:30:47,918 - scenario_generator - WARNING - Power flow did not converge: Power Flow nr did not converge after 10 iterations!
2025-04-22 12:30:47,931 - scenario_generator - WARNING - Power flow did not converge: Power Flow nr did not converge after 10 iterations!
2025-04-22 12:30:47,942 - scenario_generator - WARNING - Power flow did not converge: Power Flow nr did not converge after 10 iterations!
2025-04-22 12:30:47,955 - scenario_generator - WARNING - Power flow did not converge: Power Flow nr did not converge after 10 iterations!
2025-04-22 12:30:47,967 - scenario_generator - WARNING - Power flow did not converge: Power Flow nr did not converge after 10 iterations!
2025-04-22 12:30:47,979 - scenario_generator - WARNING - Power flow did not converge: Power Flow nr did not converge after 10 iterations!
2025-04-22 12:30:47,992 - scenario_generator - WARNING - Power flow did not converge: Power Flow nr did not converge after 10 iterations!
2025-04-22 12:30:48,004 - scenario_generator - WARNING - Power flow did not converge: Power Flow nr did not converge after 10 iterations!
2025-04-22 12:30:48,016 - scenario_generator - WARNING - Power flow did not converge: Power Flow nr did not converge after 10 iterations!
2025-04-22 12:30:48,027 - scenario_generator - WARNING - Power flow did not converge: Power Flow nr did not converge after 10 iterations!
2025-04-22 12:30:48,040 - scenario_generator - WARNING - Power flow did not converge: Power Flow nr did not converge after 10 iterations!
2025-04-22 12:30:48,052 - scenario_generator - WARNING - Power flow did not converge: Power Flow nr did not converge after 10 iterations!
2025-04-22 12:30:48,065 - scenario_generator - WARNING - Power flow did not converge: Power Flow nr did not converge after 10 iterations!
2025-04-22 12:30:48,076 - scenario_generator - WARNING - Power flow did not converge: Power Flow nr did not converge after 10 iterations!
2025-04-22 12:30:48,089 - scenario_generator - WARNING - Power flow did not converge: Power Flow nr did not converge after 10 iterations!
2025-04-22 12:30:48,089 - __main__ - INFO - Formatting and saving data...
2025-04-22 12:30:48,090 - data_formatter - INFO - Saving scenario data...
2025-04-22 12:30:48,095 - data_formatter - INFO - Saving CSV files for inspection...
2025-04-22 12:30:48,100 - __main__ - INFO - Dataset generation completed successfully!
