2025-04-22 12:29:55,074 - __main__ - INFO - Generating base grid...
2025-04-22 12:29:55,074 - grid_generator - INFO - Creating case9 grid...
2025-04-22 12:29:55,102 - __main__ - INFO - Generating scenarios...
2025-04-22 12:29:55,102 - scenario_generator - INFO - Generating 100 scenarios...
2025-04-22 12:29:56,299 - scenario_generator - WARNING - Power flow did not converge: Power Flow nr did not converge after 10 iterations!
2025-04-22 12:29:56,313 - scenario_generator - WARNING - Power flow did not converge: Power Flow nr did not converge after 10 iterations!
2025-04-22 12:29:56,326 - scenario_generator - WARNING - Power flow did not converge: Power Flow nr did not converge after 10 iterations!
2025-04-22 12:29:56,337 - scenario_generator - WARNING - Power flow did not converge: Power Flow nr did not converge after 10 iterations!
2025-04-22 12:29:56,349 - scenario_generator - WARNING - Power flow did not converge: Power Flow nr did not converge after 10 iterations!
2025-04-22 12:29:56,361 - scenario_generator - WARNING - Power flow did not converge: Power Flow nr did not converge after 10 iterations!
2025-04-22 12:29:56,372 - scenario_generator - WARNING - Power flow did not converge: Power Flow nr did not converge after 10 iterations!
2025-04-22 12:29:56,387 - scenario_generator - WARNING - Power flow did not converge: Power Flow nr did not converge after 10 iterations!
2025-04-22 12:29:56,399 - scenario_generator - WARNING - Power flow did not converge: Power Flow nr did not converge after 10 iterations!
2025-04-22 12:29:56,412 - scenario_generator - WARNING - Power flow did not converge: Power Flow nr did not converge after 10 iterations!
2025-04-22 12:29:56,425 - scenario_generator - WARNING - Power flow did not converge: Power Flow nr did not converge after 10 iterations!
2025-04-22 12:29:56,438 - scenario_generator - WARNING - Power flow did not converge: Power Flow nr did not converge after 10 iterations!
2025-04-22 12:29:56,449 - scenario_generator - WARNING - Power flow did not converge: Power Flow nr did not converge after 10 iterations!
2025-04-22 12:29:56,462 - scenario_generator - WARNING - Power flow did not converge: Power Flow nr did not converge after 10 iterations!
2025-04-22 12:29:56,475 - scenario_generator - WARNING - Power flow did not converge: Power Flow nr did not converge after 10 iterations!
2025-04-22 12:29:56,486 - scenario_generator - WARNING - Power flow did not converge: Power Flow nr did not converge after 10 iterations!
2025-04-22 12:29:56,499 - scenario_generator - WARNING - Power flow did not converge: Power Flow nr did not converge after 10 iterations!
2025-04-22 12:29:56,511 - scenario_generator - WARNING - Power flow did not converge: Power Flow nr did not converge after 10 iterations!
2025-04-22 12:29:56,524 - scenario_generator - WARNING - Power flow did not converge: Power Flow nr did not converge after 10 iterations!
2025-04-22 12:29:56,536 - scenario_generator - WARNING - Power flow did not converge: Power Flow nr did not converge after 10 iterations!
2025-04-22 12:29:56,549 - scenario_generator - WARNING - Power flow did not converge: Power Flow nr did not converge after 10 iterations!
2025-04-22 12:29:56,562 - scenario_generator - WARNING - Power flow did not converge: Power Flow nr did not converge after 10 iterations!
2025-04-22 12:29:56,574 - scenario_generator - WARNING - Power flow did not converge: Power Flow nr did not converge after 10 iterations!
2025-04-22 12:29:56,585 - scenario_generator - WARNING - Power flow did not converge: Power Flow nr did not converge after 10 iterations!
2025-04-22 12:29:56,598 - scenario_generator - WARNING - Power flow did not converge: Power Flow nr did not converge after 10 iterations!
2025-04-22 12:29:56,611 - scenario_generator - WARNING - Power flow did not converge: Power Flow nr did not converge after 10 iterations!
2025-04-22 12:29:56,623 - scenario_generator - WARNING - Power flow did not converge: Power Flow nr did not converge after 10 iterations!
2025-04-22 12:29:56,635 - scenario_generator - WARNING - Power flow did not converge: Power Flow nr did not converge after 10 iterations!
2025-04-22 12:29:56,715 - scenario_generator - WARNING - Power flow did not converge: Power Flow nr did not converge after 10 iterations!
2025-04-22 12:29:56,727 - scenario_generator - WARNING - Power flow did not converge: Power Flow nr did not converge after 10 iterations!
2025-04-22 12:29:56,739 - scenario_generator - WARNING - Power flow did not converge: Power Flow nr did not converge after 10 iterations!
2025-04-22 12:29:56,752 - scenario_generator - WARNING - Power flow did not converge: Power Flow nr did not converge after 10 iterations!
2025-04-22 12:29:56,765 - scenario_generator - WARNING - Power flow did not converge: Power Flow nr did not converge after 10 iterations!
2025-04-22 12:29:56,779 - scenario_generator - WARNING - Power flow did not converge: Power Flow nr did not converge after 10 iterations!
2025-04-22 12:29:56,791 - scenario_generator - WARNING - Power flow did not converge: Power Flow nr did not converge after 10 iterations!
2025-04-22 12:29:56,802 - scenario_generator - WARNING - Power flow did not converge: Power Flow nr did not converge after 10 iterations!
2025-04-22 12:29:56,814 - scenario_generator - WARNING - Power flow did not converge: Power Flow nr did not converge after 10 iterations!
2025-04-22 12:29:56,828 - scenario_generator - WARNING - Power flow did not converge: Power Flow nr did not converge after 10 iterations!
2025-04-22 12:29:56,840 - scenario_generator - WARNING - Power flow did not converge: Power Flow nr did not converge after 10 iterations!
2025-04-22 12:29:56,852 - scenario_generator - WARNING - Power flow did not converge: Power Flow nr did not converge after 10 iterations!
2025-04-22 12:29:56,863 - scenario_generator - WARNING - Power flow did not converge: Power Flow nr did not converge after 10 iterations!
2025-04-22 12:29:56,875 - scenario_generator - WARNING - Power flow did not converge: Power Flow nr did not converge after 10 iterations!
2025-04-22 12:29:56,887 - scenario_generator - WARNING - Power flow did not converge: Power Flow nr did not converge after 10 iterations!
2025-04-22 12:29:56,898 - scenario_generator - WARNING - Power flow did not converge: Power Flow nr did not converge after 10 iterations!
2025-04-22 12:29:56,912 - scenario_generator - WARNING - Power flow did not converge: Power Flow nr did not converge after 10 iterations!
2025-04-22 12:29:56,924 - scenario_generator - WARNING - Power flow did not converge: Power Flow nr did not converge after 10 iterations!
2025-04-22 12:29:56,937 - scenario_generator - WARNING - Power flow did not converge: Power Flow nr did not converge after 10 iterations!
2025-04-22 12:29:56,949 - scenario_generator - WARNING - Power flow did not converge: Power Flow nr did not converge after 10 iterations!
2025-04-22 12:29:56,961 - scenario_generator - WARNING - Power flow did not converge: Power Flow nr did not converge after 10 iterations!
2025-04-22 12:29:56,974 - scenario_generator - WARNING - Power flow did not converge: Power Flow nr did not converge after 10 iterations!
2025-04-22 12:29:56,985 - scenario_generator - WARNING - Power flow did not converge: Power Flow nr did not converge after 10 iterations!
2025-04-22 12:29:56,997 - scenario_generator - WARNING - Power flow did not converge: Power Flow nr did not converge after 10 iterations!
2025-04-22 12:29:57,009 - scenario_generator - WARNING - Power flow did not converge: Power Flow nr did not converge after 10 iterations!
2025-04-22 12:29:57,022 - scenario_generator - WARNING - Power flow did not converge: Power Flow nr did not converge after 10 iterations!
2025-04-22 12:29:57,034 - scenario_generator - WARNING - Power flow did not converge: Power Flow nr did not converge after 10 iterations!
2025-04-22 12:29:57,047 - scenario_generator - WARNING - Power flow did not converge: Power Flow nr did not converge after 10 iterations!
2025-04-22 12:29:57,059 - scenario_generator - WARNING - Power flow did not converge: Power Flow nr did not converge after 10 iterations!
2025-04-22 12:29:57,071 - scenario_generator - WARNING - Power flow did not converge: Power Flow nr did not converge after 10 iterations!
2025-04-22 12:29:57,084 - scenario_generator - WARNING - Power flow did not converge: Power Flow nr did not converge after 10 iterations!
2025-04-22 12:29:57,096 - scenario_generator - WARNING - Power flow did not converge: Power Flow nr did not converge after 10 iterations!
2025-04-22 12:29:57,191 - scenario_generator - WARNING - Power flow did not converge: Power Flow nr did not converge after 10 iterations!
2025-04-22 12:29:57,202 - scenario_generator - WARNING - Power flow did not converge: Power Flow nr did not converge after 10 iterations!
2025-04-22 12:29:57,214 - scenario_generator - WARNING - Power flow did not converge: Power Flow nr did not converge after 10 iterations!
2025-04-22 12:29:57,227 - scenario_generator - WARNING - Power flow did not converge: Power Flow nr did not converge after 10 iterations!
2025-04-22 12:29:57,239 - scenario_generator - WARNING - Power flow did not converge: Power Flow nr did not converge after 10 iterations!
2025-04-22 12:29:57,252 - scenario_generator - WARNING - Power flow did not converge: Power Flow nr did not converge after 10 iterations!
2025-04-22 12:29:57,264 - scenario_generator - WARNING - Power flow did not converge: Power Flow nr did not converge after 10 iterations!
2025-04-22 12:29:57,277 - scenario_generator - WARNING - Power flow did not converge: Power Flow nr did not converge after 10 iterations!
2025-04-22 12:29:57,289 - scenario_generator - WARNING - Power flow did not converge: Power Flow nr did not converge after 10 iterations!
2025-04-22 12:29:57,301 - scenario_generator - WARNING - Power flow did not converge: Power Flow nr did not converge after 10 iterations!
2025-04-22 12:29:57,313 - scenario_generator - WARNING - Power flow did not converge: Power Flow nr did not converge after 10 iterations!
2025-04-22 12:29:57,324 - scenario_generator - WARNING - Power flow did not converge: Power Flow nr did not converge after 10 iterations!
2025-04-22 12:29:57,337 - scenario_generator - WARNING - Power flow did not converge: Power Flow nr did not converge after 10 iterations!
2025-04-22 12:29:57,350 - scenario_generator - WARNING - Power flow did not converge: Power Flow nr did not converge after 10 iterations!
2025-04-22 12:29:57,362 - scenario_generator - WARNING - Power flow did not converge: Power Flow nr did not converge after 10 iterations!
2025-04-22 12:29:57,375 - scenario_generator - WARNING - Power flow did not converge: Power Flow nr did not converge after 10 iterations!
2025-04-22 12:29:57,387 - scenario_generator - WARNING - Power flow did not converge: Power Flow nr did not converge after 10 iterations!
2025-04-22 12:29:57,400 - scenario_generator - WARNING - Power flow did not converge: Power Flow nr did not converge after 10 iterations!
2025-04-22 12:29:57,412 - scenario_generator - WARNING - Power flow did not converge: Power Flow nr did not converge after 10 iterations!
2025-04-22 12:29:57,425 - scenario_generator - WARNING - Power flow did not converge: Power Flow nr did not converge after 10 iterations!
2025-04-22 12:29:57,437 - scenario_generator - WARNING - Power flow did not converge: Power Flow nr did not converge after 10 iterations!
2025-04-22 12:29:57,448 - scenario_generator - WARNING - Power flow did not converge: Power Flow nr did not converge after 10 iterations!
2025-04-22 12:29:57,461 - scenario_generator - WARNING - Power flow did not converge: Power Flow nr did not converge after 10 iterations!
2025-04-22 12:29:57,473 - scenario_generator - WARNING - Power flow did not converge: Power Flow nr did not converge after 10 iterations!
2025-04-22 12:29:57,485 - scenario_generator - WARNING - Power flow did not converge: Power Flow nr did not converge after 10 iterations!
2025-04-22 12:29:57,498 - scenario_generator - WARNING - Power flow did not converge: Power Flow nr did not converge after 10 iterations!
2025-04-22 12:29:57,511 - scenario_generator - WARNING - Power flow did not converge: Power Flow nr did not converge after 10 iterations!
2025-04-22 12:29:57,522 - scenario_generator - WARNING - Power flow did not converge: Power Flow nr did not converge after 10 iterations!
2025-04-22 12:29:57,535 - scenario_generator - WARNING - Power flow did not converge: Power Flow nr did not converge after 10 iterations!
2025-04-22 12:29:57,547 - scenario_generator - WARNING - Power flow did not converge: Power Flow nr did not converge after 10 iterations!
2025-04-22 12:29:57,559 - scenario_generator - WARNING - Power flow did not converge: Power Flow nr did not converge after 10 iterations!
2025-04-22 12:29:57,571 - scenario_generator - WARNING - Power flow did not converge: Power Flow nr did not converge after 10 iterations!
2025-04-22 12:29:57,583 - scenario_generator - WARNING - Power flow did not converge: Power Flow nr did not converge after 10 iterations!
2025-04-22 12:29:57,595 - scenario_generator - WARNING - Power flow did not converge: Power Flow nr did not converge after 10 iterations!
2025-04-22 12:29:57,607 - scenario_generator - WARNING - Power flow did not converge: Power Flow nr did not converge after 10 iterations!
2025-04-22 12:29:57,620 - scenario_generator - WARNING - Power flow did not converge: Power Flow nr did not converge after 10 iterations!
2025-04-22 12:29:57,632 - scenario_generator - WARNING - Power flow did not converge: Power Flow nr did not converge after 10 iterations!
2025-04-22 12:29:57,644 - scenario_generator - WARNING - Power flow did not converge: Power Flow nr did not converge after 10 iterations!
2025-04-22 12:29:57,655 - scenario_generator - WARNING - Power flow did not converge: Power Flow nr did not converge after 10 iterations!
2025-04-22 12:29:57,667 - scenario_generator - WARNING - Power flow did not converge: Power Flow nr did not converge after 10 iterations!
2025-04-22 12:29:57,668 - __main__ - INFO - Formatting and saving data...
2025-04-22 12:29:57,669 - data_formatter - INFO - Saving scenario data...
2025-04-22 12:29:57,677 - data_formatter - INFO - Saving CSV files for inspection...
2025-04-22 12:29:57,717 - __main__ - INFO - Dataset generation completed successfully!
