2025-04-22 12:28:52,353 - __main__ - INFO - Generating base grid...
2025-04-22 12:28:52,354 - grid_generator - INFO - Creating case9 grid...
2025-04-22 12:28:52,386 - __main__ - INFO - Generating scenarios...
2025-04-22 12:28:52,386 - scenario_generator - INFO - Generating 100 scenarios...
2025-04-22 12:28:53,565 - scenario_generator - WARNING - Power flow did not converge: Power Flow nr did not converge after 10 iterations!
2025-04-22 12:28:53,578 - scenario_generator - WARNING - Power flow did not converge: Power Flow nr did not converge after 10 iterations!
2025-04-22 12:28:53,592 - scenario_generator - WARNING - Power flow did not converge: Power Flow nr did not converge after 10 iterations!
2025-04-22 12:28:53,606 - scenario_generator - WARNING - Power flow did not converge: Power Flow nr did not converge after 10 iterations!
2025-04-22 12:28:53,619 - scenario_generator - WARNING - Power flow did not converge: Power Flow nr did not converge after 10 iterations!
2025-04-22 12:28:53,634 - scenario_generator - WARNING - Power flow did not converge: Power Flow nr did not converge after 10 iterations!
2025-04-22 12:28:53,648 - scenario_generator - WARNING - Power flow did not converge: Power Flow nr did not converge after 10 iterations!
2025-04-22 12:28:53,661 - scenario_generator - WARNING - Power flow did not converge: Power Flow nr did not converge after 10 iterations!
2025-04-22 12:28:53,673 - scenario_generator - WARNING - Power flow did not converge: Power Flow nr did not converge after 10 iterations!
2025-04-22 12:28:53,687 - scenario_generator - WARNING - Power flow did not converge: Power Flow nr did not converge after 10 iterations!
2025-04-22 12:28:53,701 - scenario_generator - WARNING - Power flow did not converge: Power Flow nr did not converge after 10 iterations!
2025-04-22 12:28:53,713 - scenario_generator - WARNING - Power flow did not converge: Power Flow nr did not converge after 10 iterations!
2025-04-22 12:28:53,726 - scenario_generator - WARNING - Power flow did not converge: Power Flow nr did not converge after 10 iterations!
2025-04-22 12:28:53,739 - scenario_generator - WARNING - Power flow did not converge: Power Flow nr did not converge after 10 iterations!
2025-04-22 12:28:53,752 - scenario_generator - WARNING - Power flow did not converge: Power Flow nr did not converge after 10 iterations!
2025-04-22 12:28:53,765 - scenario_generator - WARNING - Power flow did not converge: Power Flow nr did not converge after 10 iterations!
2025-04-22 12:28:53,778 - scenario_generator - WARNING - Power flow did not converge: Power Flow nr did not converge after 10 iterations!
2025-04-22 12:28:53,792 - scenario_generator - WARNING - Power flow did not converge: Power Flow nr did not converge after 10 iterations!
2025-04-22 12:28:53,804 - scenario_generator - WARNING - Power flow did not converge: Power Flow nr did not converge after 10 iterations!
2025-04-22 12:28:53,817 - scenario_generator - WARNING - Power flow did not converge: Power Flow nr did not converge after 10 iterations!
2025-04-22 12:28:53,830 - scenario_generator - WARNING - Power flow did not converge: Power Flow nr did not converge after 10 iterations!
2025-04-22 12:28:53,843 - scenario_generator - WARNING - Power flow did not converge: Power Flow nr did not converge after 10 iterations!
2025-04-22 12:28:53,857 - scenario_generator - WARNING - Power flow did not converge: Power Flow nr did not converge after 10 iterations!
2025-04-22 12:28:53,870 - scenario_generator - WARNING - Power flow did not converge: Power Flow nr did not converge after 10 iterations!
2025-04-22 12:28:53,883 - scenario_generator - WARNING - Power flow did not converge: Power Flow nr did not converge after 10 iterations!
2025-04-22 12:28:53,896 - scenario_generator - WARNING - Power flow did not converge: Power Flow nr did not converge after 10 iterations!
2025-04-22 12:28:53,910 - scenario_generator - WARNING - Power flow did not converge: Power Flow nr did not converge after 10 iterations!
2025-04-22 12:28:53,988 - scenario_generator - WARNING - Power flow did not converge: Power Flow nr did not converge after 10 iterations!
2025-04-22 12:28:54,000 - scenario_generator - WARNING - Power flow did not converge: Power Flow nr did not converge after 10 iterations!
2025-04-22 12:28:54,012 - scenario_generator - WARNING - Power flow did not converge: Power Flow nr did not converge after 10 iterations!
2025-04-22 12:28:54,025 - scenario_generator - WARNING - Power flow did not converge: Power Flow nr did not converge after 10 iterations!
2025-04-22 12:28:54,038 - scenario_generator - WARNING - Power flow did not converge: Power Flow nr did not converge after 10 iterations!
2025-04-22 12:28:54,052 - scenario_generator - WARNING - Power flow did not converge: Power Flow nr did not converge after 10 iterations!
2025-04-22 12:28:54,066 - scenario_generator - WARNING - Power flow did not converge: Power Flow nr did not converge after 10 iterations!
2025-04-22 12:28:54,078 - scenario_generator - WARNING - Power flow did not converge: Power Flow nr did not converge after 10 iterations!
2025-04-22 12:28:54,091 - scenario_generator - WARNING - Power flow did not converge: Power Flow nr did not converge after 10 iterations!
2025-04-22 12:28:54,105 - scenario_generator - WARNING - Power flow did not converge: Power Flow nr did not converge after 10 iterations!
2025-04-22 12:28:54,118 - scenario_generator - WARNING - Power flow did not converge: Power Flow nr did not converge after 10 iterations!
2025-04-22 12:28:54,130 - scenario_generator - WARNING - Power flow did not converge: Power Flow nr did not converge after 10 iterations!
2025-04-22 12:28:54,142 - scenario_generator - WARNING - Power flow did not converge: Power Flow nr did not converge after 10 iterations!
2025-04-22 12:28:54,155 - scenario_generator - WARNING - Power flow did not converge: Power Flow nr did not converge after 10 iterations!
2025-04-22 12:28:54,168 - scenario_generator - WARNING - Power flow did not converge: Power Flow nr did not converge after 10 iterations!
2025-04-22 12:28:54,182 - scenario_generator - WARNING - Power flow did not converge: Power Flow nr did not converge after 10 iterations!
2025-04-22 12:28:54,195 - scenario_generator - WARNING - Power flow did not converge: Power Flow nr did not converge after 10 iterations!
2025-04-22 12:28:54,208 - scenario_generator - WARNING - Power flow did not converge: Power Flow nr did not converge after 10 iterations!
2025-04-22 12:28:54,221 - scenario_generator - WARNING - Power flow did not converge: Power Flow nr did not converge after 10 iterations!
2025-04-22 12:28:54,234 - scenario_generator - WARNING - Power flow did not converge: Power Flow nr did not converge after 10 iterations!
2025-04-22 12:28:54,247 - scenario_generator - WARNING - Power flow did not converge: Power Flow nr did not converge after 10 iterations!
2025-04-22 12:28:54,290 - scenario_generator - WARNING - Power flow did not converge: Power Flow nr did not converge after 10 iterations!
2025-04-22 12:28:54,305 - scenario_generator - WARNING - Power flow did not converge: Power Flow nr did not converge after 10 iterations!
2025-04-22 12:28:54,318 - scenario_generator - WARNING - Power flow did not converge: Power Flow nr did not converge after 10 iterations!
2025-04-22 12:28:54,331 - scenario_generator - WARNING - Power flow did not converge: Power Flow nr did not converge after 10 iterations!
2025-04-22 12:28:54,344 - scenario_generator - WARNING - Power flow did not converge: Power Flow nr did not converge after 10 iterations!
2025-04-22 12:28:54,357 - scenario_generator - WARNING - Power flow did not converge: Power Flow nr did not converge after 10 iterations!
2025-04-22 12:28:54,371 - scenario_generator - WARNING - Power flow did not converge: Power Flow nr did not converge after 10 iterations!
2025-04-22 12:28:54,384 - scenario_generator - WARNING - Power flow did not converge: Power Flow nr did not converge after 10 iterations!
2025-04-22 12:28:54,397 - scenario_generator - WARNING - Power flow did not converge: Power Flow nr did not converge after 10 iterations!
2025-04-22 12:28:54,409 - scenario_generator - WARNING - Power flow did not converge: Power Flow nr did not converge after 10 iterations!
2025-04-22 12:28:54,501 - scenario_generator - WARNING - Power flow did not converge: Power Flow nr did not converge after 10 iterations!
2025-04-22 12:28:54,513 - scenario_generator - WARNING - Power flow did not converge: Power Flow nr did not converge after 10 iterations!
2025-04-22 12:28:54,526 - scenario_generator - WARNING - Power flow did not converge: Power Flow nr did not converge after 10 iterations!
2025-04-22 12:28:54,539 - scenario_generator - WARNING - Power flow did not converge: Power Flow nr did not converge after 10 iterations!
2025-04-22 12:28:54,552 - scenario_generator - WARNING - Power flow did not converge: Power Flow nr did not converge after 10 iterations!
2025-04-22 12:28:54,565 - scenario_generator - WARNING - Power flow did not converge: Power Flow nr did not converge after 10 iterations!
2025-04-22 12:28:54,578 - scenario_generator - WARNING - Power flow did not converge: Power Flow nr did not converge after 10 iterations!
2025-04-22 12:28:54,591 - scenario_generator - WARNING - Power flow did not converge: Power Flow nr did not converge after 10 iterations!
2025-04-22 12:28:54,604 - scenario_generator - WARNING - Power flow did not converge: Power Flow nr did not converge after 10 iterations!
2025-04-22 12:28:54,616 - scenario_generator - WARNING - Power flow did not converge: Power Flow nr did not converge after 10 iterations!
2025-04-22 12:28:54,629 - scenario_generator - WARNING - Power flow did not converge: Power Flow nr did not converge after 10 iterations!
2025-04-22 12:28:54,642 - scenario_generator - WARNING - Power flow did not converge: Power Flow nr did not converge after 10 iterations!
2025-04-22 12:28:54,655 - scenario_generator - WARNING - Power flow did not converge: Power Flow nr did not converge after 10 iterations!
2025-04-22 12:28:54,668 - scenario_generator - WARNING - Power flow did not converge: Power Flow nr did not converge after 10 iterations!
2025-04-22 12:28:54,681 - scenario_generator - WARNING - Power flow did not converge: Power Flow nr did not converge after 10 iterations!
2025-04-22 12:28:54,695 - scenario_generator - WARNING - Power flow did not converge: Power Flow nr did not converge after 10 iterations!
2025-04-22 12:28:54,707 - scenario_generator - WARNING - Power flow did not converge: Power Flow nr did not converge after 10 iterations!
2025-04-22 12:28:54,720 - scenario_generator - WARNING - Power flow did not converge: Power Flow nr did not converge after 10 iterations!
2025-04-22 12:28:54,733 - scenario_generator - WARNING - Power flow did not converge: Power Flow nr did not converge after 10 iterations!
2025-04-22 12:28:54,745 - scenario_generator - WARNING - Power flow did not converge: Power Flow nr did not converge after 10 iterations!
2025-04-22 12:28:54,759 - scenario_generator - WARNING - Power flow did not converge: Power Flow nr did not converge after 10 iterations!
2025-04-22 12:28:54,771 - scenario_generator - WARNING - Power flow did not converge: Power Flow nr did not converge after 10 iterations!
2025-04-22 12:28:54,784 - scenario_generator - WARNING - Power flow did not converge: Power Flow nr did not converge after 10 iterations!
2025-04-22 12:28:54,797 - scenario_generator - WARNING - Power flow did not converge: Power Flow nr did not converge after 10 iterations!
2025-04-22 12:28:54,810 - scenario_generator - WARNING - Power flow did not converge: Power Flow nr did not converge after 10 iterations!
2025-04-22 12:28:54,823 - scenario_generator - WARNING - Power flow did not converge: Power Flow nr did not converge after 10 iterations!
2025-04-22 12:28:54,835 - scenario_generator - WARNING - Power flow did not converge: Power Flow nr did not converge after 10 iterations!
2025-04-22 12:28:54,848 - scenario_generator - WARNING - Power flow did not converge: Power Flow nr did not converge after 10 iterations!
2025-04-22 12:28:54,861 - scenario_generator - WARNING - Power flow did not converge: Power Flow nr did not converge after 10 iterations!
2025-04-22 12:28:54,873 - scenario_generator - WARNING - Power flow did not converge: Power Flow nr did not converge after 10 iterations!
2025-04-22 12:28:54,887 - scenario_generator - WARNING - Power flow did not converge: Power Flow nr did not converge after 10 iterations!
2025-04-22 12:28:54,901 - scenario_generator - WARNING - Power flow did not converge: Power Flow nr did not converge after 10 iterations!
2025-04-22 12:28:54,914 - scenario_generator - WARNING - Power flow did not converge: Power Flow nr did not converge after 10 iterations!
2025-04-22 12:28:54,926 - scenario_generator - WARNING - Power flow did not converge: Power Flow nr did not converge after 10 iterations!
2025-04-22 12:28:54,940 - scenario_generator - WARNING - Power flow did not converge: Power Flow nr did not converge after 10 iterations!
2025-04-22 12:28:54,953 - scenario_generator - WARNING - Power flow did not converge: Power Flow nr did not converge after 10 iterations!
2025-04-22 12:28:54,966 - scenario_generator - WARNING - Power flow did not converge: Power Flow nr did not converge after 10 iterations!
2025-04-22 12:28:54,978 - scenario_generator - WARNING - Power flow did not converge: Power Flow nr did not converge after 10 iterations!
2025-04-22 12:28:54,991 - scenario_generator - WARNING - Power flow did not converge: Power Flow nr did not converge after 10 iterations!
2025-04-22 12:28:55,004 - scenario_generator - WARNING - Power flow did not converge: Power Flow nr did not converge after 10 iterations!
2025-04-22 12:28:55,016 - scenario_generator - WARNING - Power flow did not converge: Power Flow nr did not converge after 10 iterations!
2025-04-22 12:28:55,129 - scenario_generator - WARNING - Power flow did not converge: Power Flow nr did not converge after 10 iterations!
2025-04-22 12:28:55,130 - __main__ - INFO - Formatting and saving data...
2025-04-22 12:28:55,131 - data_formatter - INFO - Saving scenario data...
2025-04-22 12:28:55,134 - data_formatter - INFO - Saving CSV files for inspection...
2025-04-22 12:28:55,139 - __main__ - INFO - Dataset generation completed successfully!
