--- Job model.gms Start 04/22/25 06:14:06 49.4.0 6fb2fe8b DAX-DAC arm 64bit/macOS
--- Applying:
    /Library/Frameworks/GAMS.framework/Versions/49/Resources/gmsprmun.txt
--- GAMS Parameters defined
    Input /private/var/folders/n3/_1y1zr950m38fz1tp9143jwr00jg24/T/tmpb0m3eaye/model.gms
    Output /private/var/folders/n3/_1y1zr950m38fz1tp9143jwr00jg24/T/tmpb0m3eaye/output.lst
    ScrDir /private/var/folders/n3/_1y1zr950m38fz1tp9143jwr00jg24/T/tmpb0m3eaye/225a/
    SysDir /Library/Frameworks/GAMS.framework/Versions/49/Resources/
    CurDir /private/var/folders/n3/_1y1zr950m38fz1tp9143jwr00jg24/T/tmpb0m3eaye/
    LogOption 4
    LogFile /Users/ladidisu/opf-solvers/conopt_gams_output.log
Licensee: GAMS Demo, for EULA and demo limitations see   G250131/0001CB-GEN
          https://www.gams.com/latest/docs/UG%5FLicense.html         DC0000
          /Library/Frameworks/GAMS.framework/Versions/49/Resources/gamslice.txt
          Demo license for demonstration and instructional purposes only
System information: 10 physical cores and 32 Gb memory detected
GAMS 49.4.0   Copyright (C) 1987-2025 GAMS Development. All rights reserved
--- Starting compilation
--- model.gms(1373) 2 Mb
--- Starting execution: elapsed 0:00:00.002
--- model.gms(975) 3 Mb
--- Generating NLP model GAMS_MODEL
--- model.gms(976) 5 Mb
---   197 rows  147 columns  760 non-zeroes
---   1,717 nl-code  433 nl-non-zeroes
--- Range statistics (absolute non-zero finite values)
--- RHS       [min, max] : [ 9.500E-01, 1.000E+04] - Zero values observed as well
--- Bound     [min, max] : [ 9.500E-01, 1.000E+03]
--- Matrix    [min, max] : [ 4.961E-13, 2.595E+07]
--- model.gms(976) 3 Mb
--- Executing CONOPT (Solvelink=5): elapsed 0:00:00.006

CONOPT 4         49.4.0 6fb2fe8b Apr 6, 2025           DAC arm 64bit/macOS    

--- *** This solver runs with a demo license. No commercial use.
 
 
    C O N O P T   version 4.36
    Copyright (C) GAMS Software GmbH
                  GAMS Development Corporation
 
    Will use up to 4 threads.
 
 
    The user model has 197 constraints and 147 variables
    with 760 Jacobian elements, 433 of which are nonlinear.
    The Hessian of the Lagrangian has 141 elements on the diagonal,
    94 elements below the diagonal, and 141 nonlinear variables.
 
    Iter Phase   Ninf   Infeasibility   RGmax      NSB   Step  InItr MX OK
       0   0          7.6618282971E+08 (Input point)
 
    The pre-triangular part of the model has 88 constraints and 0 variables.
    The post-triangular part of the model has 109 constraints and variables.
 
    Preprocessed model has no constraints and 38 variables.
 
    Iter Phase   Ninf   Infeasibility   RGmax      NSB   Step  InItr MX OK
                      0.0000000000E+00 (Full preprocessed model)
                      0.0000000000E+00 (After scaling)
 
 ** Feasible solution. Value of objective =    766182857.225
 
    Iter Phase   Ninf     Objective     RGmax      NSB   Step  InItr MX OK
       1   4          7.6618285723E+08 1.5E+02      22 1.0E+00     7 F  T
       6   4          7.6618285723E+08 6.6E-07      22 4.4E-01     2 F  T
      11   4          7.6618285723E+08 7.7E-07      22 4.0E-01     1 F  T
      12   4          7.6618285723E+08 7.7E-07      22
 
 ** Optimal solution. Reduced gradient less than tolerance.
    Tolerance is relaxed due to large 2nd derivatives.
 
--- Reading solution for model GAMS_MODEL
--- Executing after solve: elapsed 0:00:00.015
--- model.gms(1373) 5 Mb
--- Putfile results /private/var/folders/n3/_1y1zr950m38fz1tp9143jwr00jg24/T/tmpb0m3eaye/results.dat
--- Putfile statresults /private/var/folders/n3/_1y1zr950m38fz1tp9143jwr00jg24/T/tmpb0m3eaye/resultsstat.dat
*** Status: Normal completion
--- Job model.gms Stop 04/22/25 06:14:06 elapsed 0:00:00.016
