Solver command line: ['/opt/homebrew/bin/ipopt', '/var/folders/n3/_1y1zr950m38fz1tp9143jwr00jg24/T/tmppqr88zm9.pyomo.nl', '-AMPL', 'tol=1e-06', 'max_iter=1000', 'print_level=5']

Ipopt 3.14.17: tol=1e-06
max_iter=1000
print_level=5


******************************************************************************
This program contains Ipopt, a library for large-scale nonlinear optimization.
 Ipopt is released as open source code under the Eclipse Public License (EPL).
         For more information visit https://github.com/coin-or/Ipopt
******************************************************************************

This is Ipopt version 3.14.17, running with linear solver MUMPS 5.6.2.

Number of nonzeros in equality constraint Jacobian...:      598
Number of nonzeros in inequality constraint Jacobian.:      104
Number of nonzeros in Lagrangian Hessian.............:      235

Total number of variables............................:      146
                     variables with only lower bounds:        0
                variables with lower and upper bounds:      136
                     variables with only upper bounds:        0
Total number of equality constraints.................:      108
Total number of inequality constraints...............:       64
        inequality constraints with only lower bounds:        0
   inequality constraints with lower and upper bounds:       24
        inequality constraints with only upper bounds:       40

iter    objective    inf_pr   inf_du lg(mu)  ||d||  lg(rg) alpha_du alpha_pr  ls
   0  3.9316200e+03 5.18e+01 8.71e+00  -1.0 0.00e+00    -  0.00e+00 0.00e+00   0
   1  3.9319889e+03 5.02e+01 8.45e+00  -1.0 4.57e+01    -  3.17e-02 3.07e-02h  1
   2  3.9320397e+03 5.01e+01 3.22e+01  -1.0 4.40e+01    -  3.11e-02 2.23e-03h  1
   3  3.9321340e+03 4.99e+01 7.91e+01  -1.0 4.76e+01    -  1.38e-02 4.70e-03h  1
   4  3.9321776e+03 4.97e+01 4.65e+02  -1.0 1.90e+02    -  1.83e-02 3.07e-03h  1
   5  3.9323086e+03 4.96e+01 2.09e+03  -1.0 3.07e+02    -  4.19e-02 2.34e-03h  3
   6  3.9326112e+03 4.95e+01 3.36e+03  -1.0 3.20e+02    -  3.29e-02 2.42e-03h  5
   7  3.9330809e+03 4.94e+01 5.10e+03  -1.0 3.51e+02    -  4.39e-02 2.37e-03h  5
   8  3.9336864e+03 4.92e+01 7.30e+03  -1.0 4.22e+02    -  5.34e-02 2.24e-03h  5
   9  3.9344101e+03 4.91e+01 9.04e+03  -1.0 4.78e+02    -  3.97e-02 2.10e-03h  5
iter    objective    inf_pr   inf_du lg(mu)  ||d||  lg(rg) alpha_du alpha_pr  ls
  10  3.9362026e+03 4.89e+01 1.23e+04  -1.0 5.13e+02    -  6.54e-02 3.95e-03h  4
  11  3.9384033e+03 4.88e+01 1.59e+04  -1.0 5.03e+02    -  4.91e-02 3.48e-03h  4
  12  3.9396810e+03 4.87e+01 1.96e+04  -1.0 6.57e+02    -  3.11e-02 1.54e-03h  5
  13  3.9408440e+03 4.86e+01 2.73e+04  -1.0 8.74e+02    -  4.28e-02 1.17e-03h  5
  14  3.9419160e+03 4.86e+01 3.28e+04  -1.0 1.13e+03    -  1.88e-02 9.11e-04h  5
  15  3.9676308e+03 4.80e+01 4.36e+04  -1.0 1.27e+03    -  3.92e-02 1.33e-02w  1
  16  3.9688876e+03 4.79e+01 2.45e+05  -1.0 1.44e+03    -  1.20e-01 1.30e-03w  1
  17  4.2554455e+03 4.75e+01 2.35e+06  -1.0 1.06e+03    -  1.10e-01 8.10e-03w  1
  18  3.9429780e+03 4.86e+01 4.94e+04  -1.0 3.79e+02    -  3.92e-02 8.33e-04h  4
  19  3.9440794e+03 4.85e+01 7.04e+04  -1.0 1.34e+03    -  2.39e-02 8.26e-04h  5
iter    objective    inf_pr   inf_du lg(mu)  ||d||  lg(rg) alpha_du alpha_pr  ls
  20  3.9453207e+03 4.85e+01 2.53e+05  -1.0 1.31e+03    -  1.08e-01 9.12e-04h  5
  21  3.9488360e+03 4.84e+01 6.52e+05  -1.0 1.10e+03    -  4.70e-02 1.25e-03h  5
  22  3.9699340e+03 4.83e+01 3.44e+06  -1.0 1.01e+03    -  1.18e-01 1.34e-03h  5
  23  4.5176630e+03 4.82e+01 1.15e+07  -1.0 6.85e+02    -  1.10e-01 2.58e-03h  5
  24  5.6874265e+03 4.81e+01 1.73e+07  -1.0 6.57e+02    -  6.06e-02 1.66e-03h  6
  25  8.0447480e+03 4.81e+01 2.37e+07  -1.0 5.58e+02    -  6.90e-02 1.91e-03h  6
  26  1.9158954e+04 4.78e+01 3.72e+07  -1.0 4.19e+02    -  1.57e-01 4.68e-03h  5
  27  9.3372354e+04 4.73e+01 4.74e+07  -1.0 2.59e+02    -  1.61e-01 1.18e-02h  4
  28  3.1640997e+06 4.32e+01 4.09e+07  -1.0 2.51e+02    -  5.82e-02 8.65e-02w  1
  29  3.2279190e+06 4.31e+01 5.00e+07  -1.0 1.77e+02    -  9.65e-02 1.07e-03w  1
iter    objective    inf_pr   inf_du lg(mu)  ||d||  lg(rg) alpha_du alpha_pr  ls
  30  3.3562885e+06 4.30e+01 5.24e+07  -1.0 2.11e+02    -  5.77e-02 2.08e-03w  1
  31  4.5082447e+05 4.62e+01 4.94e+07  -1.0 2.31e+02    -  5.82e-02 2.16e-02h  2
  32  1.4920264e+06 4.48e+01 5.03e+07  -1.0 2.94e+02    -  5.67e-02 3.18e-02h  2
  33  3.1616849e+06 4.33e+01 5.33e+07  -1.0 2.85e+02    -  8.28e-02 3.25e-02h  1
  34  3.1815167e+06 4.33e+01 6.33e+07  -1.0 2.55e+02    -  1.17e-01 3.27e-04h  1
  35  3.1849072e+06 4.33e+01 7.66e+07  -1.0 1.68e+02    -  3.71e-01 5.63e-05h  1
  36  8.6808921e+06 4.06e+01 1.01e+08  -1.0 1.67e+02    -  2.73e-01 6.21e-02h  1
  37  1.9998932e+07 3.74e+01 9.39e+07  -1.0 1.38e+02    -  8.33e-02 7.83e-02h  1
  38  2.0135282e+07 3.74e+01 1.10e+08  -1.0 1.18e+02    -  1.45e-01 8.15e-04h  1
  39  2.0156593e+07 3.74e+01 1.25e+08  -1.0 1.14e+02    -  1.77e-01 1.28e-04h  1
iter    objective    inf_pr   inf_du lg(mu)  ||d||  lg(rg) alpha_du alpha_pr  ls
  40  5.7842177e+07 3.15e+01 1.19e+08  -1.0 1.31e+02    -  3.66e-01 1.58e-01h  1
  41  5.8976644e+07 3.14e+01 1.19e+08  -1.0 1.05e+02    -  4.92e-03 4.17e-03h  1
  42  5.9882197e+07 3.13e+01 1.18e+08  -1.0 1.31e+02    -  4.95e-05 3.32e-03h  1
  43  6.0812962e+07 3.11e+01 1.18e+08  -1.0 1.13e+02    -  2.39e-05 3.39e-03h  1
  44  6.4569677e+07 3.07e+01 1.45e+08  -1.0 1.11e+02    -  1.95e-01 1.34e-02h  1
  45  1.3498636e+08 2.46e+01 1.10e+08  -1.0 7.27e+01    -  1.38e-02 2.01e-01h  1
  46  1.3564324e+08 2.45e+01 1.09e+08  -1.0 1.16e+02    -  2.48e-01 2.03e-03h  1
  47  1.3565509e+08 2.45e+01 1.08e+08  -1.0 1.13e+02    -  2.50e-01 3.67e-05h  1
  48  1.4903915e+08 2.35e+01 1.12e+08  -1.0 1.06e+02    -  2.57e-01 4.04e-02h  1
  49  1.4918483e+08 2.35e+01 1.12e+08  -1.0 1.14e+02    -  5.87e-03 4.49e-04h  1
iter    objective    inf_pr   inf_du lg(mu)  ||d||  lg(rg) alpha_du alpha_pr  ls
  50  1.4932221e+08 2.35e+01 1.12e+08  -1.0 1.14e+02    -  7.38e-05 4.23e-04h  1
  51  1.4952517e+08 2.35e+01 1.12e+08  -1.0 1.20e+02    -  1.82e-04 6.22e-04h  1
  52  2.5390511e+08 1.70e+01 8.23e+07  -1.0 1.21e+02    -  2.86e-01 2.75e-01h  1
  53  3.7746174e+08 1.10e+01 5.27e+07  -1.0 5.05e+01   4.0 2.07e-01 3.54e-01h  1
  54  3.8575290e+08 1.07e+01 5.25e+07  -1.0 6.63e+01   3.5 5.43e-03 2.85e-02h  1
  55  3.8603028e+08 1.07e+01 6.48e+07  -1.0 3.70e+01   3.9 2.25e-01 1.01e-03h  1
  56r 3.8603028e+08 1.07e+01 1.00e+03   1.1 0.00e+00   3.5 0.00e+00 3.03e-07R  6
  57r 4.4631951e+08 7.58e+00 1.68e+03   1.1 1.43e+04    -  3.04e-02 9.91e-04f  1
  58  4.4629820e+08 7.58e+00 2.08e+07  -1.0 1.45e+03    -  3.55e-05 2.39e-05f  1
  59  4.4627458e+08 7.58e+00 2.08e+07  -1.0 1.70e+03    -  5.00e-05 2.65e-05f  1
iter    objective    inf_pr   inf_du lg(mu)  ||d||  lg(rg) alpha_du alpha_pr  ls
  60  4.4626294e+08 7.58e+00 2.08e+07  -1.0 2.41e+03    -  9.70e-06 1.31e-05f  1
  61  4.4621428e+08 7.58e+00 2.08e+07  -1.0 3.44e+03    -  8.43e-05 5.45e-05f  1
  62  4.4621339e+08 7.58e+00 2.08e+07  -1.0 2.62e+03    -  1.43e-05 9.99e-07f  1
  63  4.4611408e+08 7.58e+00 2.08e+07  -1.0 2.26e+03    -  6.09e-06 1.11e-04f  1
  64  4.4600917e+08 7.58e+00 2.08e+07  -1.0 2.28e+03    -  2.02e-04 1.18e-04f  1
  65  4.4597087e+08 7.58e+00 2.08e+07  -1.0 4.09e+03    -  5.28e-06 4.30e-05f  1
  66  4.4592989e+08 7.58e+00 2.08e+07  -1.0 6.37e+03    -  8.95e-05 4.60e-05f  1
  67  4.4590807e+08 7.58e+00 2.08e+07  -1.0 1.20e+04    -  4.93e-05 2.45e-05f  1
  68  4.4590726e+08 7.58e+00 2.08e+07  -1.0 1.78e+04    -  3.21e-03 9.17e-07f  1
  69  4.4582500e+08 7.58e+00 2.08e+07  -1.0 1.06e+05    -  7.05e-04 1.20e-04f  1
iter    objective    inf_pr   inf_du lg(mu)  ||d||  lg(rg) alpha_du alpha_pr  ls
  70  4.4545826e+08 7.57e+00 2.07e+07  -1.0 2.94e+03    -  2.63e-04 4.21e-04f  1
  71  4.4544770e+08 7.57e+00 2.07e+07  -1.0 2.58e+03    -  1.81e-04 1.61e-05f  1
  72  4.4536788e+08 7.57e+00 2.07e+07  -1.0 3.44e+03    -  3.44e-04 1.40e-04f  1
  73  4.4499907e+08 7.57e+00 2.07e+07  -1.0 3.51e+03    -  3.48e-06 6.48e-04f  1
  74  4.4464257e+08 7.56e+00 2.07e+07  -1.0 1.18e+04    -  8.15e-07 4.37e-04f  1
  75  4.4463870e+08 7.56e+00 2.07e+07  -1.0 1.31e+04    -  8.44e-04 5.29e-06f  1
  76  4.4463853e+08 7.56e+00 2.07e+07  -1.0 4.49e+03    -  2.06e-04 3.45e-07f  1
  77  4.4431196e+08 7.56e+00 2.07e+07  -1.0 2.92e+03    -  1.83e-02 7.37e-04f  1
  78  4.4393335e+08 7.55e+00 2.07e+07  -1.0 4.10e+03    -  8.48e-04 8.84e-04f  1
  79  4.4393164e+08 7.55e+00 2.07e+07  -1.0 2.27e+03    -  5.75e-03 1.01e-05f  1
iter    objective    inf_pr   inf_du lg(mu)  ||d||  lg(rg) alpha_du alpha_pr  ls
  80  4.4393233e+08 7.55e+00 2.07e+07  -1.0 1.73e+03    -  7.16e-04 3.60e-05h  1
  81  4.4395555e+08 7.54e+00 2.07e+07  -1.0 1.11e+03    -  1.93e-05 9.69e-04h  1
  82  4.4393048e+08 7.54e+00 2.07e+07  -1.0 7.14e+02    -  1.16e-06 3.76e-04f  1
  83  4.4393006e+08 7.54e+00 2.07e+07  -1.0 4.93e+02    -  1.39e-04 2.04e-06f  1
  84  4.4393173e+08 7.54e+00 2.18e+08  -1.0 4.64e+02    -  2.30e-01 1.11e-05h  1
  85  4.4410267e+08 7.53e+00 3.36e+08  -1.0 4.58e+02    -  1.65e-01 1.12e-03h  1
  86  4.4416059e+08 7.53e+00 4.91e+08  -1.0 3.18e+02    -  2.22e-01 3.39e-04h  1
  87  4.4696947e+08 7.41e+00 4.78e+08  -1.0 3.19e+02    -  7.88e-03 1.63e-02h  1
  88  4.4701303e+08 7.41e+00 4.89e+08  -1.0 4.04e+02    -  2.07e-02 2.49e-04h  1
  89  4.4838058e+08 7.35e+00 4.83e+08  -1.0 4.10e+02    -  3.03e-03 7.63e-03h  1
iter    objective    inf_pr   inf_du lg(mu)  ||d||  lg(rg) alpha_du alpha_pr  ls
  90  4.5021809e+08 7.27e+00 4.73e+08  -1.0 4.83e+02    -  2.70e-04 1.02e-02h  1
  91  4.5034954e+08 7.27e+00 4.72e+08  -1.0 6.59e+02    -  7.85e-05 7.26e-04h  1
  92  4.5051623e+08 7.26e+00 4.72e+08  -1.0 6.67e+02    -  2.53e-04 9.23e-04h  1
  93  4.5151841e+08 7.22e+00 5.98e+08  -1.0 7.01e+02    -  3.03e-01 5.54e-03h  2
  94  4.5190375e+08 7.21e+00 5.98e+08  -1.0 1.01e+03    -  6.58e-03 2.12e-03h  2
  95  4.5224862e+08 7.19e+00 6.00e+08  -1.0 1.23e+03    -  1.64e-02 1.85e-03h  1
  96  4.5273757e+08 7.18e+00 5.98e+08  -1.0 5.54e+01    -  2.20e-02 2.19e-03h  1
  97  4.5819602e+08 7.00e+00 5.84e+08  -1.0 5.54e+01    -  1.15e-02 2.42e-02h  1
  98  4.9263548e+08 5.97e+00 4.99e+08  -1.0 5.42e+01    -  1.16e-01 1.48e-01h  1
  99  5.4890407e+08 4.48e+00 3.75e+08  -1.0 4.73e+01    -  2.48e-01 2.49e-01h  1
iter    objective    inf_pr   inf_du lg(mu)  ||d||  lg(rg) alpha_du alpha_pr  ls
 100  5.4958071e+08 4.47e+00 3.92e+08  -1.0 4.33e+01    -  2.53e-01 3.71e-03h  1
 101  5.4958984e+08 4.46e+00 3.92e+08  -1.0 4.35e+01    -  6.10e-03 5.02e-05h  1
 102  5.4963040e+08 4.46e+00 4.31e+08  -1.0 4.44e+01    -  3.19e-01 2.22e-04h  1
 103  6.0871690e+08 3.10e+00 2.75e+08  -1.0 4.44e+01    -  4.89e-03 3.06e-01h  1
 104  6.7071899e+08 1.81e+00 1.29e+08  -1.0 4.00e+01    -  1.74e-02 4.16e-01h  1
 105  7.2102819e+08 8.46e-01 7.06e+07  -1.0 1.11e+01    -  4.63e-03 5.32e-01h  1
 106  7.2142690e+08 8.37e-01 6.80e+07  -1.0 2.25e+01    -  4.74e-02 9.96e-03h  1
 107  7.2143167e+08 8.37e-01 6.75e+07  -1.0 2.22e+01    -  5.98e-02 1.20e-04h  1
 108  7.3641703e+08 5.28e-01 4.70e+07  -1.0 2.21e+01    -  6.10e-01 3.69e-01h  1
 109  7.3660304e+08 5.25e-01 6.92e+07  -1.0 1.34e+01    -  5.02e-01 6.82e-03h  1
iter    objective    inf_pr   inf_du lg(mu)  ||d||  lg(rg) alpha_du alpha_pr  ls
 110  7.3660576e+08 5.24e-01 9.14e+07  -1.0 1.03e+01    -  9.84e-01 9.84e-05h  1
 111  7.4625194e+08 3.51e-01 7.67e+07  -1.0 3.30e+00    -  1.00e+00 3.30e-01h  1
 112  7.6598892e+08 3.30e-03 7.94e+05  -1.0 2.22e+00    -  1.00e+00 9.91e-01h  1
 113  7.6618283e+08 9.80e-08 8.34e+00  -1.0 3.11e-02    -  1.00e+00 1.00e+00h  1
 114  7.6618283e+08 1.77e-13 1.69e-06  -5.7 2.46e-05    -  1.00e+00 1.00e+00f  1

Number of Iterations....: 114

                                   (scaled)                 (unscaled)
Objective...............:   7.6618282970680177e+08    7.6618282970680177e+08
Dual infeasibility......:   1.6908414737157318e-06    1.6908414737157318e-06
Constraint violation....:   1.7674750552032492e-13    1.7674750552032492e-13
Variable bound violation:   1.5707890987926021e-08    1.5707890987926021e-08
Complementarity.........:   3.5499207869841700e-06    3.5499207869841700e-06
Overall NLP error.......:   5.1350250326893058e-11    3.5499207869841700e-06


Number of objective function evaluations             = 232
Number of objective gradient evaluations             = 115
Number of equality constraint evaluations            = 232
Number of inequality constraint evaluations          = 232
Number of equality constraint Jacobian evaluations   = 116
Number of inequality constraint Jacobian evaluations = 116
Number of Lagrangian Hessian evaluations             = 114
Total seconds in IPOPT                               = 0.061

EXIT: Optimal Solution Found.

