--- Job model.gms Start 04/22/25 06:14:06 49.4.0 6fb2fe8b DAX-DAC arm 64bit/macOS
--- Applying:
    /Library/Frameworks/GAMS.framework/Versions/49/Resources/gmsprmun.txt
--- GAMS Parameters defined
    Input /private/var/folders/n3/_1y1zr950m38fz1tp9143jwr00jg24/T/tmp41_z7c84/model.gms
    Output /private/var/folders/n3/_1y1zr950m38fz1tp9143jwr00jg24/T/tmp41_z7c84/output.lst
    ScrDir /private/var/folders/n3/_1y1zr950m38fz1tp9143jwr00jg24/T/tmp41_z7c84/225a/
    SysDir /Library/Frameworks/GAMS.framework/Versions/49/Resources/
    CurDir /private/var/folders/n3/_1y1zr950m38fz1tp9143jwr00jg24/T/tmp41_z7c84/
    LogOption 4
    LogFile /Users/ladidisu/opf-solvers/minos_gams_output.log
Licensee: GAMS Demo, for EULA and demo limitations see   G250131/0001CB-GEN
          https://www.gams.com/latest/docs/UG%5FLicense.html         DC0000
          /Library/Frameworks/GAMS.framework/Versions/49/Resources/gamslice.txt
          Demo license for demonstration and instructional purposes only
System information: 10 physical cores and 32 Gb memory detected
GAMS 49.4.0   Copyright (C) 1987-2025 GAMS Development. All rights reserved
--- Starting compilation
--- model.gms(1373) 2 Mb
--- Starting execution: elapsed 0:00:00.002
--- model.gms(975) 3 Mb
--- Generating NLP model GAMS_MODEL
--- model.gms(976) 5 Mb
---   197 rows  147 columns  760 non-zeroes
---   1,717 nl-code  433 nl-non-zeroes
--- Range statistics (absolute non-zero finite values)
--- RHS       [min, max] : [ 9.500E-01, 1.000E+04] - Zero values observed as well
--- Bound     [min, max] : [ 9.500E-01, 1.000E+03]
--- Matrix    [min, max] : [ 2.065E-15, 2.595E+07] - Zero values observed as well
--- model.gms(976) 3 Mb
--- Executing MINOS (Solvelink=5): elapsed 0:00:00.005

MINOS            49.4.0 6fb2fe8b Apr 6, 2025           DAC arm 64bit/macOS    

--- *** This solver runs with a demo license. No commercial use.
M I N O S  5.6      (Jul 2016)

    GAMS/MINOS 5.6, Large Scale Nonlinear Solver
    B. A. Murtagh, University of New South Wales
    P. E. Gill, University of California at San Diego,
    W. Murray, M. A. Saunders, and M. H. Wright,
    Systems Optimization Laboratory, Stanford University

 Work space allocated           --      1.16 Mb

 Major minor  step     objective  Feasible Optimal  nsb   ncon penalty BSswp
     1     0T 0.0e+00  7.66183e+08 2.0e+00 2.6e+07    0      1 1.0e+00     0
    Itn  ninf      sinf       objective
    100     0  0.000e+00   7.73719116e+08
 Major minor  step     objective  Feasible Optimal  nsb   ncon penalty BSswp
     2   116  1.0e+00  7.73608e+08 4.6e-01 1.8e+07   11     45 1.0e+00     0
     3    16  1.0e+00  7.64951e+08 2.4e-01 2.1e+06   13     76 1.0e+00     7
     4     4  1.0e+00  7.65973e+08 4.1e-02 4.5e+05   13     83 1.0e+00     0
     5     4  1.0e+00  7.66179e+08 6.2e-04 1.4e+04   13     89 1.0e-01     0
     6     2  1.0e+00  7.66183e+08 1.8e-06 1.8e+01   13     92 1.0e-02     0
     7     0  1.0e+00  7.66183e+08 2.1e-13 1.3e+01   13     93 1.0e-03     0

 EXIT - Optimal Solution found, objective: 7.66183e+08

--- Reading solution for model GAMS_MODEL
--- Executing after solve: elapsed 0:00:00.013
--- model.gms(1373) 5 Mb
--- Putfile results /private/var/folders/n3/_1y1zr950m38fz1tp9143jwr00jg24/T/tmp41_z7c84/results.dat
--- Putfile statresults /private/var/folders/n3/_1y1zr950m38fz1tp9143jwr00jg24/T/tmp41_z7c84/resultsstat.dat
*** Status: Normal completion
--- Job model.gms Stop 04/22/25 06:14:06 elapsed 0:00:00.014
