--- Job model.gms Start 04/22/25 06:14:06 49.4.0 6fb2fe8b DAX-DAC arm 64bit/macOS
--- Applying:
    /Library/Frameworks/GAMS.framework/Versions/49/Resources/gmsprmun.txt
--- GAMS Parameters defined
    Input /private/var/folders/n3/_1y1zr950m38fz1tp9143jwr00jg24/T/tmpelmeexap/model.gms
    Output /private/var/folders/n3/_1y1zr950m38fz1tp9143jwr00jg24/T/tmpelmeexap/output.lst
    ScrDir /private/var/folders/n3/_1y1zr950m38fz1tp9143jwr00jg24/T/tmpelmeexap/225a/
    SysDir /Library/Frameworks/GAMS.framework/Versions/49/Resources/
    CurDir /private/var/folders/n3/_1y1zr950m38fz1tp9143jwr00jg24/T/tmpelmeexap/
    LogOption 4
    LogFile /Users/ladidisu/opf-solvers/snopt_gams_output.log
Licensee: GAMS Demo, for EULA and demo limitations see   G250131/0001CB-GEN
          https://www.gams.com/latest/docs/UG%5FLicense.html         DC0000
          /Library/Frameworks/GAMS.framework/Versions/49/Resources/gamslice.txt
          Demo license for demonstration and instructional purposes only
System information: 10 physical cores and 32 Gb memory detected
GAMS 49.4.0   Copyright (C) 1987-2025 GAMS Development. All rights reserved
--- Starting compilation
--- model.gms(1373) 2 Mb
--- Starting execution: elapsed 0:00:00.003
--- model.gms(975) 3 Mb
--- Generating NLP model GAMS_MODEL
--- model.gms(976) 5 Mb
---   197 rows  147 columns  760 non-zeroes
---   1,717 nl-code  433 nl-non-zeroes
--- Range statistics (absolute non-zero finite values)
--- RHS       [min, max] : [ 9.500E-01, 1.000E+04] - Zero values observed as well
--- Bound     [min, max] : [ 9.500E-01, 1.000E+03]
--- Matrix    [min, max] : [ 2.065E-15, 2.595E+07] - Zero values observed as well
--- model.gms(976) 3 Mb
--- Executing SNOPT (Solvelink=5): elapsed 0:00:00.006

SNOPT            49.4.0 6fb2fe8b Apr 6, 2025           DAC arm 64bit/macOS    

--- *** This solver runs with a demo license. No commercial use.

 ==============================
 S N O P T  7.7.7    (Feb 2021)
 ==============================
 SNMEMB EXIT 100 -- finished successfully
 SNMEMB INFO 104 -- memory requirements estimated

 Nonlinear constraints     120     Linear constraints      77
 Nonlinear variables       141     Linear variables         5
 Jacobian  variables       108     Objective variables    141
 Total constraints         197     Total variables        146
 The user has defined     480   out of     480   constraint gradients.
 The user has defined     141   out of     141   objective  gradients.

 Major Minors     Step   nCon Feasible  Optimal  MeritFunction     nS Penalty
     0     85               1 (7.1E-17)(4.2E-16) 7.6618286E+08                  r
 SNOPTC EXIT   0 -- finished successfully
 SNOPTC INFO   1 -- optimality conditions satisfied

 Problem name                 GAMS_MOD
 No. of iterations                  85   Objective            7.6618285723E+08
 No. of major iterations             0   Linear    obj. term  0.0000000000E+00
 Penalty parameter           0.000E+00   Nonlinear obj. term  7.6618285723E+08
 User function calls (total)         1
 No. of degenerate steps            73   Percentage                      85.88
 Max x                     113 1.0E+02   Max pi                    156 8.1E+08
 Max Primal infeas         173 7.1E-15   Max Dual infeas           107 6.6E-07
 Nonlinear constraint violn    7.1E-15

 Solution not printed
 Time for solving problem                       0.00 seconds
 Time for constraint functions                  0.00 seconds
 Time for objective function                    0.00 seconds

--- Reading solution for model GAMS_MODEL
--- Executing after solve: elapsed 0:00:00.011
--- model.gms(1373) 5 Mb
--- Putfile results /private/var/folders/n3/_1y1zr950m38fz1tp9143jwr00jg24/T/tmpelmeexap/results.dat
--- Putfile statresults /private/var/folders/n3/_1y1zr950m38fz1tp9143jwr00jg24/T/tmpelmeexap/resultsstat.dat
*** Status: Normal completion
--- Job model.gms Stop 04/22/25 06:14:06 elapsed 0:00:00.012
